Archive member included to satisfy reference by file (symbol)

c:/progra~1/raspbe~1/picosd~1.1/gcc-ar~1/bin/../lib/gcc/arm-none-eabi/10.3.1/thumb/v6-m/nofp\libgcc.a(_dvmd_tls.o)
                              CMakeFiles/Lab7.dir/C_/pico/pico-sdk/src/rp2_common/pico_divider/divider.S.obj (__aeabi_idiv0)
c:/progra~1/raspbe~1/picosd~1.1/gcc-ar~1/bin/../lib/gcc/arm-none-eabi/10.3.1/../../../../arm-none-eabi/lib/thumb/v6-m/nofp\libg.a(lib_a-calloc.o)
                              CMakeFiles/Lab7.dir/C_/pico/pico-sdk/src/rp2_common/pico_malloc/pico_malloc.c.obj (calloc)
c:/progra~1/raspbe~1/picosd~1.1/gcc-ar~1/bin/../lib/gcc/arm-none-eabi/10.3.1/../../../../arm-none-eabi/lib/thumb/v6-m/nofp\libg.a(lib_a-callocr.o)
                              c:/progra~1/raspbe~1/picosd~1.1/gcc-ar~1/bin/../lib/gcc/arm-none-eabi/10.3.1/../../../../arm-none-eabi/lib/thumb/v6-m/nofp\libg.a(lib_a-calloc.o) (_calloc_r)
c:/progra~1/raspbe~1/picosd~1.1/gcc-ar~1/bin/../lib/gcc/arm-none-eabi/10.3.1/../../../../arm-none-eabi/lib/thumb/v6-m/nofp\libg.a(lib_a-errno.o)
                              c:/progra~1/raspbe~1/picosd~1.1/gcc-ar~1/bin/../lib/gcc/arm-none-eabi/10.3.1/../../../../arm-none-eabi/lib/thumb/v6-m/nofp\libg.a(lib_a-callocr.o) (__errno)
c:/progra~1/raspbe~1/picosd~1.1/gcc-ar~1/bin/../lib/gcc/arm-none-eabi/10.3.1/../../../../arm-none-eabi/lib/thumb/v6-m/nofp\libg.a(lib_a-impure.o)
                              c:/progra~1/raspbe~1/picosd~1.1/gcc-ar~1/bin/../lib/gcc/arm-none-eabi/10.3.1/../../../../arm-none-eabi/lib/thumb/v6-m/nofp\libg.a(lib_a-calloc.o) (_impure_ptr)
c:/progra~1/raspbe~1/picosd~1.1/gcc-ar~1/bin/../lib/gcc/arm-none-eabi/10.3.1/../../../../arm-none-eabi/lib/thumb/v6-m/nofp\libg.a(lib_a-init.o)
                              c:/progra~1/raspbe~1/picosd~1.1/gcc-ar~1/bin/../lib/gcc/arm-none-eabi/10.3.1/../../../../arm-none-eabi/lib/thumb/v6-m/nofp/crt0.o (__libc_init_array)
c:/progra~1/raspbe~1/picosd~1.1/gcc-ar~1/bin/../lib/gcc/arm-none-eabi/10.3.1/../../../../arm-none-eabi/lib/thumb/v6-m/nofp\libg.a(lib_a-malloc.o)
                              CMakeFiles/Lab7.dir/C_/pico/pico-sdk/src/rp2_common/pico_malloc/pico_malloc.c.obj (malloc)
c:/progra~1/raspbe~1/picosd~1.1/gcc-ar~1/bin/../lib/gcc/arm-none-eabi/10.3.1/../../../../arm-none-eabi/lib/thumb/v6-m/nofp\libg.a(lib_a-mallocr.o)
                              c:/progra~1/raspbe~1/picosd~1.1/gcc-ar~1/bin/../lib/gcc/arm-none-eabi/10.3.1/../../../../arm-none-eabi/lib/thumb/v6-m/nofp\libg.a(lib_a-callocr.o) (_malloc_r)
c:/progra~1/raspbe~1/picosd~1.1/gcc-ar~1/bin/../lib/gcc/arm-none-eabi/10.3.1/../../../../arm-none-eabi/lib/thumb/v6-m/nofp\libg.a(lib_a-mlock.o)
                              c:/progra~1/raspbe~1/picosd~1.1/gcc-ar~1/bin/../lib/gcc/arm-none-eabi/10.3.1/../../../../arm-none-eabi/lib/thumb/v6-m/nofp\libg.a(lib_a-mallocr.o) (__malloc_lock)
c:/progra~1/raspbe~1/picosd~1.1/gcc-ar~1/bin/../lib/gcc/arm-none-eabi/10.3.1/../../../../arm-none-eabi/lib/thumb/v6-m/nofp\libg.a(lib_a-realloc.o)
                              CMakeFiles/Lab7.dir/C_/pico/pico-sdk/src/rp2_common/pico_malloc/pico_malloc.c.obj (realloc)
c:/progra~1/raspbe~1/picosd~1.1/gcc-ar~1/bin/../lib/gcc/arm-none-eabi/10.3.1/../../../../arm-none-eabi/lib/thumb/v6-m/nofp\libg.a(lib_a-reallocr.o)
                              c:/progra~1/raspbe~1/picosd~1.1/gcc-ar~1/bin/../lib/gcc/arm-none-eabi/10.3.1/../../../../arm-none-eabi/lib/thumb/v6-m/nofp\libg.a(lib_a-realloc.o) (_realloc_r)
c:/progra~1/raspbe~1/picosd~1.1/gcc-ar~1/bin/../lib/gcc/arm-none-eabi/10.3.1/../../../../arm-none-eabi/lib/thumb/v6-m/nofp\libg.a(lib_a-sbrkr.o)
                              c:/progra~1/raspbe~1/picosd~1.1/gcc-ar~1/bin/../lib/gcc/arm-none-eabi/10.3.1/../../../../arm-none-eabi/lib/thumb/v6-m/nofp\libg.a(lib_a-mallocr.o) (_sbrk_r)
c:/progra~1/raspbe~1/picosd~1.1/gcc-ar~1/bin/../lib/gcc/arm-none-eabi/10.3.1/../../../../arm-none-eabi/lib/thumb/v6-m/nofp\libg.a(lib_a-sscanf.o)
                              CMakeFiles/Lab7.dir/main.c.obj (sscanf)
c:/progra~1/raspbe~1/picosd~1.1/gcc-ar~1/bin/../lib/gcc/arm-none-eabi/10.3.1/../../../../arm-none-eabi/lib/thumb/v6-m/nofp\libg.a(lib_a-stdio.o)
                              c:/progra~1/raspbe~1/picosd~1.1/gcc-ar~1/bin/../lib/gcc/arm-none-eabi/10.3.1/../../../../arm-none-eabi/lib/thumb/v6-m/nofp\libg.a(lib_a-sscanf.o) (__seofread)
c:/progra~1/raspbe~1/picosd~1.1/gcc-ar~1/bin/../lib/gcc/arm-none-eabi/10.3.1/../../../../arm-none-eabi/lib/thumb/v6-m/nofp\libg.a(lib_a-strlen-stub.o)
                              CMakeFiles/Lab7.dir/C_/pico/pico-sdk/src/rp2_common/pico_stdio/stdio.c.obj (strlen)
c:/progra~1/raspbe~1/picosd~1.1/gcc-ar~1/bin/../lib/gcc/arm-none-eabi/10.3.1/../../../../arm-none-eabi/lib/thumb/v6-m/nofp\libg.a(lib_a-svfscanf.o)
                              c:/progra~1/raspbe~1/picosd~1.1/gcc-ar~1/bin/../lib/gcc/arm-none-eabi/10.3.1/../../../../arm-none-eabi/lib/thumb/v6-m/nofp\libg.a(lib_a-sscanf.o) (__ssvfscanf_r)
[...]
Memory Configuration

Name             Origin             Length             Attributes
FLASH            0x10000000         0x00200000         xr
RAM              0x20000000         0x00040000         xrw
SCRATCH_X        0x20040000         0x00001000         xrw
SCRATCH_Y        0x20041000         0x00001000         xrw
*default*        0x00000000         0xffffffff

Linker script and memory map

LOAD c:/progra~1/raspbe~1/picosd~1.1/gcc-ar~1/bin/../lib/gcc/arm-none-eabi/10.3.1/thumb/v6-m/nofp/crti.o
LOAD c:/progra~1/raspbe~1/picosd~1.1/gcc-ar~1/bin/../lib/gcc/arm-none-eabi/10.3.1/thumb/v6-m/nofp/crtbegin.o
LOAD c:/progra~1/raspbe~1/picosd~1.1/gcc-ar~1/bin/../lib/gcc/arm-none-eabi/10.3.1/../../../../arm-none-eabi/lib/thumb/v6-m/nofp/crt0.o

.flash_begin    0x10000000        0x0
                0x10000000                __flash_binary_start = .

.boot2          0x10000000      0x100
                0x10000000                __boot2_start__ = .
 *(.boot2)
 .boot2         0x10000000      0x100 C:\Users\cheva\AppData\Local\Temp\ccTFgU7j.o
                0x10000100                __boot2_end__ = .
                0x00000001                ASSERT (((__boot2_end__ - __boot2_start__) == 0x100), ERROR: Pico second stage bootloader must be 256 bytes in size)

.text           0x10000100     0x9cc8
                0x10000100                __logical_binary_start = .
 *(.vectors)
 .vectors       0x10000100       0xd4 CMakeFiles/Lab7.dir/C_/pico/pico-sdk/src/rp2_common/pico_standard_link/crt0.S.obj
                0x10000100                __VECTOR_TABLE
                0x10000100                __vectors
                0x100001c0                isr_invalid
                0x100001c0                __default_isrs_start
                0x100001c2                isr_nmi
                0x100001c4                isr_hardfault
                0x100001c6                isr_svcall
                0x100001c8                isr_pendsv
                0x100001ca                isr_systick
                0x100001cc                isr_irq23
                0x100001cc                isr_irq18
                0x100001cc                isr_irq11
                0x100001cc                isr_irq28
                0x100001cc                isr_irq19
                0x100001cc                isr_irq0
                0x100001cc                isr_irq6
                0x100001cc                isr_irq5
                0x100001cc                isr_irq12
                0x100001cc                isr_irq22
                0x100001cc                isr_irq31
                0x100001cc                isr_irq17
                0x100001cc                isr_irq27
                0x100001cc                isr_irq30
                0x100001cc                isr_irq2
                0x100001cc                isr_irq10
                0x100001cc                isr_irq8
                0x100001cc                isr_irq24
                0x100001cc                isr_irq1
                0x100001cc                isr_irq7
                0x100001cc                isr_irq21
                0x100001cc                isr_irq20
                0x100001cc                isr_irq15
                0x100001cc                isr_irq25
                0x100001cc                isr_irq13
                0x100001cc                __unhandled_user_irq
                0x100001cc                isr_irq4
                0x100001cc                isr_irq16
                0x100001cc                isr_irq29
                0x100001cc                isr_irq26
                0x100001cc                __default_isrs_end
                0x100001cc                isr_irq3
                0x100001cc                isr_irq14
                0x100001cc                isr_irq9
                0x100001d2                unhandled_user_irq_num_in_r0
 *(.binary_info_header)
 .binary_info_header
                0x100001d4       0x14 CMakeFiles/Lab7.dir/C_/pico/pico-sdk/src/rp2_common/pico_standard_link/crt0.S.obj
                0x100001e8                __binary_info_header_end = .
 *(.reset)
 .reset         0x100001e8       0xa0 CMakeFiles/Lab7.dir/C_/pico/pico-sdk/src/rp2_common/pico_standard_link/crt0.S.obj
                0x100001e8                _entry_point
 .reset         0x10000288       0x30 CMakeFiles/Lab7.dir/C_/pico/pico-sdk/src/rp2_common/pico_standard_link/binary_info.c.obj
 *(.init)
 .init          0x100002b8        0x4 c:/progra~1/raspbe~1/picosd~1.1/gcc-ar~1/bin/../lib/gcc/arm-none-eabi/10.3.1/thumb/v6-m/nofp/crti.o
                0x100002b8                _init
 *(EXCLUDE_FILE(*libm.a: *libc.a:*lib_a-mem*.o *libgcc.a:) .text*)
 .text          0x100002bc       0x48 c:/progra~1/raspbe~1/picosd~1.1/gcc-ar~1/bin/../lib/gcc/arm-none-eabi/10.3.1/thumb/v6-m/nofp/crtbegin.o
 .text.on_uart_rx_debug
                0x10000304       0xe4 CMakeFiles/Lab7.dir/main.c.obj
                0x10000304                on_uart_rx_debug
 .text.main     0x100003e8      0x208 CMakeFiles/Lab7.dir/main.c.obj
                0x100003e8                main
 .text.gpio_set_function
                0x100005f0       0x30 CMakeFiles/Lab7.dir/C_/pico/pico-sdk/src/rp2_common/hardware_gpio/gpio.c.obj
                0x100005f0                gpio_set_function
 .text.running_on_fpga
                0x10000620       0x14 CMakeFiles/Lab7.dir/C_/pico/pico-sdk/src/rp2_common/pico_platform/platform.c.obj
                0x10000620                running_on_fpga
 .text.hw_claim_lock
                0x10000634       0x18 CMakeFiles/Lab7.dir/C_/pico/pico-sdk/src/rp2_common/hardware_claim/claim.c.obj
                0x10000634                hw_claim_lock
 .text.hw_claim_unlock
                0x1000064c       0x14 CMakeFiles/Lab7.dir/C_/pico/pico-sdk/src/rp2_common/hardware_claim/claim.c.obj
                0x1000064c                hw_claim_unlock
 .text.hw_claim_or_assert
                0x10000660       0x32 CMakeFiles/Lab7.dir/C_/pico/pico-sdk/src/rp2_common/hardware_claim/claim.c.obj
                0x10000660                hw_claim_or_assert
 *fill*         0x10000692        0x2 
 .text.spin_locks_reset
                0x10000694       0x20 CMakeFiles/Lab7.dir/C_/pico/pico-sdk/src/rp2_common/hardware_sync/sync.c.obj
                0x10000694                spin_locks_reset
 .text.next_striped_spin_lock_num
                0x100006b4       0x1c CMakeFiles/Lab7.dir/C_/pico/pico-sdk/src/rp2_common/hardware_sync/sync.c.obj
                0x100006b4                next_striped_spin_lock_num
 .text.set_raw_irq_handler_and_unlock
                0x100006d0       0x28 CMakeFiles/Lab7.dir/C_/pico/pico-sdk/src/rp2_common/hardware_irq/irq.c.obj
 .text.make_branch
                0x100006f8       0x48 CMakeFiles/Lab7.dir/C_/pico/pico-sdk/src/rp2_common/hardware_irq/irq.c.obj
 .text.insert_branch_and_link
                0x10000740       0x40 CMakeFiles/Lab7.dir/C_/pico/pico-sdk/src/rp2_common/hardware_irq/irq.c.obj
 .text.irq_is_enabled
                0x10000780       0x18 CMakeFiles/Lab7.dir/C_/pico/pico-sdk/src/rp2_common/hardware_irq/irq.c.obj
                0x10000780                irq_is_enabled
 .text.irq_set_mask_enabled
                0x10000798       0x20 CMakeFiles/Lab7.dir/C_/pico/pico-sdk/src/rp2_common/hardware_irq/irq.c.obj
                0x10000798                irq_set_mask_enabled
 .text.irq_set_enabled
                0x100007b8        0xe CMakeFiles/Lab7.dir/C_/pico/pico-sdk/src/rp2_common/hardware_irq/irq.c.obj
                0x100007b8                irq_set_enabled
 *fill*         0x100007c6        0x2 
 .text.irq_get_vtable_handler
                0x100007c8       0x10 CMakeFiles/Lab7.dir/C_/pico/pico-sdk/src/rp2_common/hardware_irq/irq.c.obj
                0x100007c8                irq_get_vtable_handler
 .text.irq_set_exclusive_handler
                0x100007d8       0x54 CMakeFiles/Lab7.dir/C_/pico/pico-sdk/src/rp2_common/hardware_irq/irq.c.obj
                0x100007d8                irq_set_exclusive_handler
 .text.irq_remove_handler
                0x1000082c      0x1ac CMakeFiles/Lab7.dir/C_/pico/pico-sdk/src/rp2_common/hardware_irq/irq.c.obj
                0x1000082c                irq_remove_handler
 .text.irq_add_tail_to_free_list
                0x100009d8       0xf0 CMakeFiles/Lab7.dir/C_/pico/pico-sdk/src/rp2_common/hardware_irq/irq.c.obj
                0x100009d8                irq_add_tail_to_free_list
 .text.irq_init_priorities
                0x10000ac8       0x1c CMakeFiles/Lab7.dir/C_/pico/pico-sdk/src/rp2_common/hardware_irq/irq.c.obj
                0x10000ac8                irq_init_priorities
 .text.lock_init
                0x10000ae4       0x10 CMakeFiles/Lab7.dir/C_/pico/pico-sdk/src/common/pico_sync/lock_core.c.obj
                0x10000ae4                lock_init
 .text.mutex_init
                0x10000af4       0x1a CMakeFiles/Lab7.dir/C_/pico/pico-sdk/src/common/pico_sync/mutex.c.obj
                0x10000af4                mutex_init
 .text.recursive_mutex_init
                0x10000b0e       0x1e CMakeFiles/Lab7.dir/C_/pico/pico-sdk/src/common/pico_sync/mutex.c.obj
                0x10000b0e                recursive_mutex_init
 .text.alarm_pool_post_alloc_init
                0x10000b2c       0x40 CMakeFiles/Lab7.dir/C_/pico/pico-sdk/src/common/pico_time/time.c.obj
 .text.sleep_until_callback
                0x10000b6c       0x30 CMakeFiles/Lab7.dir/C_/pico/pico-sdk/src/common/pico_time/time.c.obj
 .text.timer_pool_entry_comparator
                0x10000b9c       0x7c CMakeFiles/Lab7.dir/C_/pico/pico-sdk/src/common/pico_time/time.c.obj
                0x10000b9c                timer_pool_entry_comparator
 .text.ph_add_child_node
                0x10000c18       0xa4 CMakeFiles/Lab7.dir/C_/pico/pico-sdk/src/common/pico_time/time.c.obj
 .text.ph_merge_nodes
                0x10000cbc       0x3e CMakeFiles/Lab7.dir/C_/pico/pico-sdk/src/common/pico_time/time.c.obj
 *fill*         0x10000cfa        0x2 
 .text.add_alarm_under_lock
                0x10000cfc      0x174 CMakeFiles/Lab7.dir/C_/pico/pico-sdk/src/common/pico_time/time.c.obj
 .text.alarm_pool_alarm_callback
                0x10000e70      0x33c CMakeFiles/Lab7.dir/C_/pico/pico-sdk/src/common/pico_time/time.c.obj
 .text.alarm_pool_init_default
                0x100011ac       0x40 CMakeFiles/Lab7.dir/C_/pico/pico-sdk/src/common/pico_time/time.c.obj
                0x100011ac                alarm_pool_init_default
 .text.alarm_pool_get_default
                0x100011ec       0x2c CMakeFiles/Lab7.dir/C_/pico/pico-sdk/src/common/pico_time/time.c.obj
                0x100011ec                alarm_pool_get_default
 .text.alarm_pool_add_alarm_at
                0x10001218      0x168 CMakeFiles/Lab7.dir/C_/pico/pico-sdk/src/common/pico_time/time.c.obj
                0x10001218                alarm_pool_add_alarm_at
 .text.alarm_pool_cancel_alarm
                0x10001380       0xf8 CMakeFiles/Lab7.dir/C_/pico/pico-sdk/src/common/pico_time/time.c.obj
                0x10001380                alarm_pool_cancel_alarm
 .text.sleep_until
                0x10001478       0xfc CMakeFiles/Lab7.dir/C_/pico/pico-sdk/src/common/pico_time/time.c.obj
                0x10001478                sleep_until
 .text.sleep_us
                0x10001574       0x58 CMakeFiles/Lab7.dir/C_/pico/pico-sdk/src/common/pico_time/time.c.obj
                0x10001574                sleep_us
 .text.sleep_ms
                0x100015cc       0x14 CMakeFiles/Lab7.dir/C_/pico/pico-sdk/src/common/pico_time/time.c.obj
                0x100015cc                sleep_ms
 .text.best_effort_wfe_or_timeout
                0x100015e0       0xac CMakeFiles/Lab7.dir/C_/pico/pico-sdk/src/common/pico_time/time.c.obj
                0x100015e0                best_effort_wfe_or_timeout
 .text.hardware_alarm_irq_handler
                0x1000168c       0x90 CMakeFiles/Lab7.dir/C_/pico/pico-sdk/src/rp2_common/hardware_timer/timer.c.obj
 .text.hardware_alarm_claim
                0x1000171c       0x18 CMakeFiles/Lab7.dir/C_/pico/pico-sdk/src/rp2_common/hardware_timer/timer.c.obj
                0x1000171c                hardware_alarm_claim
 .text.time_us_64
                0x10001734       0x18 CMakeFiles/Lab7.dir/C_/pico/pico-sdk/src/rp2_common/hardware_timer/timer.c.obj
                0x10001734                time_us_64
 .text.busy_wait_until
                0x1000174c       0x28 CMakeFiles/Lab7.dir/C_/pico/pico-sdk/src/rp2_common/hardware_timer/timer.c.obj
                0x1000174c                busy_wait_until
 .text.busy_wait_us
                0x10001774       0x48 CMakeFiles/Lab7.dir/C_/pico/pico-sdk/src/rp2_common/hardware_timer/timer.c.obj
                0x10001774                busy_wait_us
 .text.hardware_alarm_set_callback
                0x100017bc       0x90 CMakeFiles/Lab7.dir/C_/pico/pico-sdk/src/rp2_common/hardware_timer/timer.c.obj
                0x100017bc                hardware_alarm_set_callback
 .text.hardware_alarm_set_target
                0x1000184c       0xe8 CMakeFiles/Lab7.dir/C_/pico/pico-sdk/src/rp2_common/hardware_timer/timer.c.obj
                0x1000184c                hardware_alarm_set_target
 .text.hardware_alarm_cancel
                0x10001934       0x40 CMakeFiles/Lab7.dir/C_/pico/pico-sdk/src/rp2_common/hardware_timer/timer.c.obj
                0x10001934                hardware_alarm_cancel
 .text.ph_add_child_node
                0x10001974       0xa4 CMakeFiles/Lab7.dir/C_/pico/pico-sdk/src/common/pico_util/pheap.c.obj
 .text.ph_merge_nodes
                0x10001a18       0x3e CMakeFiles/Lab7.dir/C_/pico/pico-sdk/src/common/pico_util/pheap.c.obj
 *fill*         0x10001a56        0x2 
 .text.ph_clear
                0x10001a58       0x70 CMakeFiles/Lab7.dir/C_/pico/pico-sdk/src/common/pico_util/pheap.c.obj
                0x10001a58                ph_clear
 .text.ph_post_alloc_init
                0x10001ac8        0xe CMakeFiles/Lab7.dir/C_/pico/pico-sdk/src/common/pico_util/pheap.c.obj
                0x10001ac8                ph_post_alloc_init
 *fill*         0x10001ad6        0x2 
 .text.ph_merge_two_pass
                0x10001ad8       0xa8 CMakeFiles/Lab7.dir/C_/pico/pico-sdk/src/common/pico_util/pheap.c.obj
                0x10001ad8                ph_merge_two_pass
 .text.ph_remove_any_head
                0x10001b80      0x128 CMakeFiles/Lab7.dir/C_/pico/pico-sdk/src/common/pico_util/pheap.c.obj
 .text.ph_remove_head
                0x10001ca8       0x14 CMakeFiles/Lab7.dir/C_/pico/pico-sdk/src/common/pico_util/pheap.c.obj
                0x10001ca8                ph_remove_head
 .text.ph_remove_and_free_node
                0x10001cbc       0xf8 CMakeFiles/Lab7.dir/C_/pico/pico-sdk/src/common/pico_util/pheap.c.obj
                0x10001cbc                ph_remove_and_free_node
 .text.uart_disable_before_lcr_write
                0x10001db4       0x48 CMakeFiles/Lab7.dir/C_/pico/pico-sdk/src/rp2_common/hardware_uart/uart.c.obj
 .text.uart_write_lcr_bits_masked
                0x10001dfc       0x22 CMakeFiles/Lab7.dir/C_/pico/pico-sdk/src/rp2_common/hardware_uart/uart.c.obj
 *fill*         0x10001e1e        0x2 
 .text.uart_set_baudrate
                0x10001e20       0x5c CMakeFiles/Lab7.dir/C_/pico/pico-sdk/src/rp2_common/hardware_uart/uart.c.obj
                0x10001e20                uart_set_baudrate
 .text.uart_set_format
                0x10001e7c       0x2c CMakeFiles/Lab7.dir/C_/pico/pico-sdk/src/rp2_common/hardware_uart/uart.c.obj
                0x10001e7c                uart_set_format
 .text.uart_set_break
                0x10001ea8       0x10 CMakeFiles/Lab7.dir/C_/pico/pico-sdk/src/rp2_common/hardware_uart/uart.c.obj
                0x10001ea8                uart_set_break
 .text.uart_set_translate_crlf
                0x10001eb8       0x28 CMakeFiles/Lab7.dir/C_/pico/pico-sdk/src/rp2_common/hardware_uart/uart.c.obj
                0x10001eb8                uart_set_translate_crlf
 .text.uart_init
                0x10001ee0       0x80 CMakeFiles/Lab7.dir/C_/pico/pico-sdk/src/rp2_common/hardware_uart/uart.c.obj
                0x10001ee0                uart_init
 .text.clock_configure
                0x10001f60      0x108 CMakeFiles/Lab7.dir/C_/pico/pico-sdk/src/rp2_common/hardware_clocks/clocks.c.obj
                0x10001f60                clock_configure
 .text.clocks_init
                0x10002068      0x100 CMakeFiles/Lab7.dir/C_/pico/pico-sdk/src/rp2_common/hardware_clocks/clocks.c.obj
                0x10002068                clocks_init
 .text.clock_get_hz
                0x10002168        0xc CMakeFiles/Lab7.dir/C_/pico/pico-sdk/src/rp2_common/hardware_clocks/clocks.c.obj
                0x10002168                clock_get_hz
 .text.pll_init
                0x10002174      0x120 CMakeFiles/Lab7.dir/C_/pico/pico-sdk/src/rp2_common/hardware_pll/pll.c.obj
                0x10002174                pll_init
 .text.watchdog_start_tick
                0x10002294       0x10 CMakeFiles/Lab7.dir/C_/pico/pico-sdk/src/rp2_common/hardware_watchdog/watchdog.c.obj
                0x10002294                watchdog_start_tick
 .text.xosc_init
                0x100022a4       0x28 CMakeFiles/Lab7.dir/C_/pico/pico-sdk/src/rp2_common/hardware_xosc/xosc.c.obj
                0x100022a4                xosc_init
 .text._exit    0x100022cc        0x4 CMakeFiles/Lab7.dir/C_/pico/pico-sdk/src/rp2_common/pico_runtime/runtime.c.obj
                0x100022cc                _exit
 .text._sbrk    0x100022d0       0x38 CMakeFiles/Lab7.dir/C_/pico/pico-sdk/src/rp2_common/pico_runtime/runtime.c.obj
                0x100022d0                _sbrk
 .text.exit     0x10002308        0x6 CMakeFiles/Lab7.dir/C_/pico/pico-sdk/src/rp2_common/pico_runtime/runtime.c.obj
                0x10002308                exit
 *fill*         0x1000230e        0x2 
 .text.__assert_func
                0x10002310       0x3c CMakeFiles/Lab7.dir/C_/pico/pico-sdk/src/rp2_common/pico_runtime/runtime.c.obj
                0x10002310                __assert_func
 .text.runtime_init
                0x1000234c       0xf8 CMakeFiles/Lab7.dir/C_/pico/pico-sdk/src/rp2_common/pico_runtime/runtime.c.obj
                0x1000234c                runtime_init
 .text.panic    0x10002444       0x30 CMakeFiles/Lab7.dir/C_/pico/pico-sdk/src/rp2_common/pico_runtime/runtime.c.obj
                0x10002444                panic
 .text._out_buffer
                0x10002474        0x8 CMakeFiles/Lab7.dir/C_/pico/pico-sdk/src/rp2_common/pico_printf/printf.c.obj
 .text._out_null
                0x1000247c        0x2 CMakeFiles/Lab7.dir/C_/pico/pico-sdk/src/rp2_common/pico_printf/printf.c.obj
 .text._out_fct
                0x1000247e        0xe CMakeFiles/Lab7.dir/C_/pico/pico-sdk/src/rp2_common/pico_printf/printf.c.obj
 .text._atoi    0x1000248c       0x24 CMakeFiles/Lab7.dir/C_/pico/pico-sdk/src/rp2_common/pico_printf/printf.c.obj
 .text._out_rev
                0x100024b0       0xae CMakeFiles/Lab7.dir/C_/pico/pico-sdk/src/rp2_common/pico_printf/printf.c.obj
 .text._ntoa_format
                0x1000255e      0x112 CMakeFiles/Lab7.dir/C_/pico/pico-sdk/src/rp2_common/pico_printf/printf.c.obj
 .text._ntoa_long
                0x10002670       0xbc CMakeFiles/Lab7.dir/C_/pico/pico-sdk/src/rp2_common/pico_printf/printf.c.obj
 .text._ntoa_long_long
                0x1000272c       0xe2 CMakeFiles/Lab7.dir/C_/pico/pico-sdk/src/rp2_common/pico_printf/printf.c.obj
 *fill*         0x1000280e        0x2 
 .text._etoa    0x10002810      0x414 CMakeFiles/Lab7.dir/C_/pico/pico-sdk/src/rp2_common/pico_printf/printf.c.obj
 .text._ftoa    0x10002c24      0x354 CMakeFiles/Lab7.dir/C_/pico/pico-sdk/src/rp2_common/pico_printf/printf.c.obj
 .text._vsnprintf
                0x10002f78      0x624 CMakeFiles/Lab7.dir/C_/pico/pico-sdk/src/rp2_common/pico_printf/printf.c.obj
 .text.__wrap_sprintf
                0x1000359c       0x28 CMakeFiles/Lab7.dir/C_/pico/pico-sdk/src/rp2_common/pico_printf/printf.c.obj
                0x1000359c                __wrap_sprintf
 .text.vfctprintf
                0x100035c4       0x20 CMakeFiles/Lab7.dir/C_/pico/pico-sdk/src/rp2_common/pico_printf/printf.c.obj
                0x100035c4                vfctprintf
 .text          0x100035e4       0x10 CMakeFiles/Lab7.dir/C_/pico/pico-sdk/src/rp2_common/pico_bit_ops/bit_ops_aeabi.S.obj
 .text.rom_func_lookup
                0x100035f4       0x10 CMakeFiles/Lab7.dir/C_/pico/pico-sdk/src/rp2_common/pico_bootrom/bootrom.c.obj
                0x100035f4                rom_func_lookup
 .text.rom_data_lookup
                0x10003604       0x10 CMakeFiles/Lab7.dir/C_/pico/pico-sdk/src/rp2_common/pico_bootrom/bootrom.c.obj
                0x10003604                rom_data_lookup
 .text.rom_funcs_lookup
                0x10003614       0x36 CMakeFiles/Lab7.dir/C_/pico/pico-sdk/src/rp2_common/pico_bootrom/bootrom.c.obj
                0x10003614                rom_funcs_lookup
 *fill*         0x1000364a        0x2 
 .text.__wrap___aeabi_idiv
                0x1000364c       0x50 CMakeFiles/Lab7.dir/C_/pico/pico-sdk/src/rp2_common/pico_divider/divider.S.obj
                0x1000364c                __wrap___aeabi_idivmod
                0x1000364c                divmod_s32s32
                0x1000364c                div_s32s32
                0x1000364c                __wrap___aeabi_idiv
                0x10003654                divmod_s32s32_unsafe
                0x10003680                divmod_s32s32_savestate
 .text.__wrap___aeabi_uidiv
                0x1000369c       0x4c CMakeFiles/Lab7.dir/C_/pico/pico-sdk/src/rp2_common/pico_divider/divider.S.obj
                0x1000369c                __wrap___aeabi_uidiv
                0x1000369c                __wrap___aeabi_uidivmod
                0x1000369c                div_u32u32
                0x1000369c                divmod_u32u32
                0x100036a4                divmod_u32u32_unsafe
                0x100036cc                divmod_u32u32_savestate
 .text.__wrap___aeabi_ldiv
                0x100036e8      0x424 CMakeFiles/Lab7.dir/C_/pico/pico-sdk/src/rp2_common/pico_divider/divider.S.obj
                0x100036e8                div_s64s64
                0x100036e8                divmod_s64s64
                0x100036e8                __wrap___aeabi_ldivmod
                0x10003718                divmod_u64u64
                0x10003718                div_u64u64
                0x10003718                __wrap___aeabi_uldivmod
                0x10003728                divmod_u64u64_savestate
                0x10003748                divmod_s64s64_unsafe
                0x100037d0                divmod_u64u64_unsafe
 .text.__wrap___aeabi_darithmetic
                0x10003b0c       0x80 CMakeFiles/Lab7.dir/C_/pico/pico-sdk/src/rp2_common/pico_double/double_aeabi.S.obj
                0x10003b0c                __wrap___aeabi_drsub
                0x10003b12                __wrap___aeabi_dsub
                0x10003b24                __wrap___aeabi_dadd
                0x10003b36                __wrap___aeabi_ddiv
                0x10003b72                __wrap___aeabi_dmul
 .text.__wrap___aeabi_cdcmple
                0x10003b8c       0x6c CMakeFiles/Lab7.dir/C_/pico/pico-sdk/src/rp2_common/pico_double/double_aeabi.S.obj
                0x10003b8c                __wrap___aeabi_cdrcmple
                0x10003b9c                __wrap___aeabi_cdcmpeq
                0x10003b9c                __wrap___aeabi_cdcmple
 .text.__wrap___aeabi_dcmpeq
                0x10003bf8       0x10 CMakeFiles/Lab7.dir/C_/pico/pico-sdk/src/rp2_common/pico_double/double_aeabi.S.obj
                0x10003bf8                __wrap___aeabi_dcmpeq
 .text.__wrap___aeabi_dcmplt
                0x10003c08        0xc CMakeFiles/Lab7.dir/C_/pico/pico-sdk/src/rp2_common/pico_double/double_aeabi.S.obj
                0x10003c08                __wrap___aeabi_dcmplt
 .text.__wrap___aeabi_dcmple
                0x10003c14       0x10 CMakeFiles/Lab7.dir/C_/pico/pico-sdk/src/rp2_common/pico_double/double_aeabi.S.obj
                0x10003c14                __wrap___aeabi_dcmple
 .text.__wrap___aeabi_dcmpge
                0x10003c24       0x10 CMakeFiles/Lab7.dir/C_/pico/pico-sdk/src/rp2_common/pico_double/double_aeabi.S.obj
                0x10003c24                __wrap___aeabi_dcmpge
 .text.__wrap___aeabi_dcmpgt
                0x10003c34        0xa CMakeFiles/Lab7.dir/C_/pico/pico-sdk/src/rp2_common/pico_double/double_aeabi.S.obj
                0x10003c34                __wrap___aeabi_dcmpgt
 .text.__wrap___aeabi_dcmpun
                0x10003c3e       0x1c CMakeFiles/Lab7.dir/C_/pico/pico-sdk/src/rp2_common/pico_double/double_aeabi.S.obj
                0x10003c3e                __wrap___aeabi_dcmpun
 *fill*         0x10003c5a        0x2 
 .text.__wrap___aeabi_i2d
                0x10003c5c       0x38 CMakeFiles/Lab7.dir/C_/pico/pico-sdk/src/rp2_common/pico_double/double_aeabi.S.obj
                0x10003c5c                __wrap___aeabi_ui2d
                0x10003c64                __wrap___aeabi_i2d
 .text.__wrap___aeabi_d2iz
                0x10003c94       0x48 CMakeFiles/Lab7.dir/C_/pico/pico-sdk/src/rp2_common/pico_double/double_aeabi.S.obj
                0x10003c94                double2int_z
                0x10003c94                __wrap___aeabi_d2iz
 .text.__wrap___aeabi_d2uiz
                0x10003cdc       0x18 CMakeFiles/Lab7.dir/C_/pico/pico-sdk/src/rp2_common/pico_double/double_aeabi.S.obj
                0x10003cdc                __wrap___aeabi_d2uiz
                0x10003cdc                double2uint
 .text.__wrap___aeabi_l2d
                0x10003cf4       0x18 CMakeFiles/Lab7.dir/C_/pico/pico-sdk/src/rp2_common/pico_double/double_aeabi.S.obj
                0x10003cf4                __wrap___aeabi_l2d
 .text.__wrap___aeabi_d2lz
                0x10003d0c       0x26 CMakeFiles/Lab7.dir/C_/pico/pico-sdk/src/rp2_common/pico_double/double_aeabi.S.obj
                0x10003d0c                double2int64_z
                0x10003d0c                __wrap___aeabi_d2lz
 *fill*         0x10003d32        0x2 
 .text.double2int64
                0x10003d34       0x18 CMakeFiles/Lab7.dir/C_/pico/pico-sdk/src/rp2_common/pico_double/double_aeabi.S.obj
                0x10003d34                double2int64
 .text.double2ufix64
                0x10003d4c       0x18 CMakeFiles/Lab7.dir/C_/pico/pico-sdk/src/rp2_common/pico_double/double_aeabi.S.obj
                0x10003d4c                double2ufix64
 .text.__wrap___aeabi_d2f
                0x10003d64       0x18 CMakeFiles/Lab7.dir/C_/pico/pico-sdk/src/rp2_common/pico_double/double_aeabi.S.obj
                0x10003d64                __wrap___aeabi_d2f
 .text.__aeabi_double_init
                0x10003d7c       0xc8 CMakeFiles/Lab7.dir/C_/pico/pico-sdk/src/rp2_common/pico_double/double_init_rom.c.obj
                0x10003d7c                __aeabi_double_init
 .text.double_table_shim_on_use_helper
                0x10003e44       0x34 CMakeFiles/Lab7.dir/C_/pico/pico-sdk/src/rp2_common/pico_double/double_v1_rom_shim.S.obj
                0x10003e44                double_table_shim_on_use_helper
 .text.__wrap___aeabi_dsub
                0x10003e78       0x10 CMakeFiles/Lab7.dir/C_/pico/pico-sdk/src/rp2_common/pico_double/double_v1_rom_shim.S.obj
                0x10003e78                drsub_shim
                0x10003e7e                dsub_shim
 .text.dadd_shim
                0x10003e88      0x15c CMakeFiles/Lab7.dir/C_/pico/pico-sdk/src/rp2_common/pico_double/double_v1_rom_shim.S.obj
                0x10003e88                dadd_shim
 .text.dmul_shim
                0x10003fe4      0x15c CMakeFiles/Lab7.dir/C_/pico/pico-sdk/src/rp2_common/pico_double/double_v1_rom_shim.S.obj
                0x10003fe4                dmul_shim
 .text.ddiv_shim
                0x10004140      0x1b0 CMakeFiles/Lab7.dir/C_/pico/pico-sdk/src/rp2_common/pico_double/double_v1_rom_shim.S.obj
                0x10004140                ddiv_shim
 .text.double2uint_shim
                0x100042f0        0xe CMakeFiles/Lab7.dir/C_/pico/pico-sdk/src/rp2_common/pico_double/double_v1_rom_shim.S.obj
                0x100042f0                double2uint_shim
                0x100042f2                double2ufix_shim
 .text.double2int64_shim
                0x100042fe       0x1a CMakeFiles/Lab7.dir/C_/pico/pico-sdk/src/rp2_common/pico_double/double_v1_rom_shim.S.obj
                0x100042fe                double2int64_shim
                0x10004300                double2fix64_shim
 .text.double2uint64_shim
                0x10004318       0x70 CMakeFiles/Lab7.dir/C_/pico/pico-sdk/src/rp2_common/pico_double/double_v1_rom_shim.S.obj
                0x10004318                double2uint64_shim
                0x1000431a                double2ufix64_shim
                0x1000433a                d2fix_a
 .text.double2float_shim
                0x10004388       0x5c CMakeFiles/Lab7.dir/C_/pico/pico-sdk/src/rp2_common/pico_double/double_v1_rom_shim.S.obj
                0x10004388                double2float_shim
 .text.x2double_shims
                0x100043e4       0x90 CMakeFiles/Lab7.dir/C_/pico/pico-sdk/src/rp2_common/pico_double/double_v1_rom_shim.S.obj
                0x100043e4                uint2double_shim
                0x100043e6                ufix2double_shim
                0x100043ec                int2double_shim
                0x100043ee                fix2double_shim
                0x100043f4                uint642double_shim
                0x100043f6                ufix642double_shim
                0x100043fc                int642double_shim
                0x100043fe                fix642double_shim
 .text.dunpacks
                0x10004474       0x3c CMakeFiles/Lab7.dir/C_/pico/pico-sdk/src/rp2_common/pico_double/double_v1_rom_shim.S.obj
                0x10004474                dunpacks
 .text.__aeabi_lmul
                0x100044b0       0x32 CMakeFiles/Lab7.dir/C_/pico/pico-sdk/src/rp2_common/pico_int64_ops/pico_int64_ops_aeabi.S.obj
                0x100044b0                __wrap___aeabi_lmul
 *fill*         0x100044e2        0x2 
 .text.__aeabi_float_init
                0x100044e4       0xfc CMakeFiles/Lab7.dir/C_/pico/pico-sdk/src/rp2_common/pico_float/float_init_rom.c.obj
                0x100044e4                __aeabi_float_init
 .text.float_table_shim_on_use_helper
                0x100045e0       0x34 CMakeFiles/Lab7.dir/C_/pico/pico-sdk/src/rp2_common/pico_float/float_v1_rom_shim.S.obj
                0x100045e0                float_table_shim_on_use_helper
 .text.__wrap_malloc
                0x10004614       0x24 CMakeFiles/Lab7.dir/C_/pico/pico-sdk/src/rp2_common/pico_malloc/pico_malloc.c.obj
                0x10004614                __wrap_malloc
 .text.__wrap_realloc
                0x10004638       0x24 CMakeFiles/Lab7.dir/C_/pico/pico-sdk/src/rp2_common/pico_malloc/pico_malloc.c.obj
                0x10004638                __wrap_realloc
 .text.__wrap_free
                0x1000465c        0x8 CMakeFiles/Lab7.dir/C_/pico/pico-sdk/src/rp2_common/pico_malloc/pico_malloc.c.obj
                0x1000465c                __wrap_free
 .text          0x10004664       0x10 CMakeFiles/Lab7.dir/C_/pico/pico-sdk/src/rp2_common/pico_mem_ops/mem_ops_aeabi.S.obj
                0x10004664                __aeabi_mem_init
 .text.memset   0x10004674        0xc CMakeFiles/Lab7.dir/C_/pico/pico-sdk/src/rp2_common/pico_mem_ops/mem_ops_aeabi.S.obj
                0x10004674                __wrap_memset
 .text.memcpy   0x10004680        0xc CMakeFiles/Lab7.dir/C_/pico/pico-sdk/src/rp2_common/pico_mem_ops/mem_ops_aeabi.S.obj
                0x10004680                __wrap_memcpy
                0x10004680                __wrap___aeabi_memcpy
 .text.stdio_out_chars_no_crlf
                0x1000468c        0xe CMakeFiles/Lab7.dir/C_/pico/pico-sdk/src/rp2_common/pico_stdio/stdio.c.obj
 *fill*         0x1000469a        0x2 
 .text.stdio_out_chars_crlf
                0x1000469c       0x80 CMakeFiles/Lab7.dir/C_/pico/pico-sdk/src/rp2_common/pico_stdio/stdio.c.obj
 .text.stdio_stack_buffer_flush
                0x1000471c       0x44 CMakeFiles/Lab7.dir/C_/pico/pico-sdk/src/rp2_common/pico_stdio/stdio.c.obj
 .text.stdio_buffered_printer
                0x10004760       0x20 CMakeFiles/Lab7.dir/C_/pico/pico-sdk/src/rp2_common/pico_stdio/stdio.c.obj
 .text.stdout_serialize_begin
                0x10004780       0x5c CMakeFiles/Lab7.dir/C_/pico/pico-sdk/src/rp2_common/pico_stdio/stdio.c.obj
                0x10004780                stdout_serialize_begin
 .text.stdout_serialize_end
                0x100047dc       0x10 CMakeFiles/Lab7.dir/C_/pico/pico-sdk/src/rp2_common/pico_stdio/stdio.c.obj
                0x100047dc                stdout_serialize_end
 .text.stdio_put_string
                0x100047ec       0x98 CMakeFiles/Lab7.dir/C_/pico/pico-sdk/src/rp2_common/pico_stdio/stdio.c.obj
 .text.stdio_set_driver_enabled
                0x10004884       0x2c CMakeFiles/Lab7.dir/C_/pico/pico-sdk/src/rp2_common/pico_stdio/stdio.c.obj
                0x10004884                stdio_set_driver_enabled
 .text.stdio_flush
                0x100048b0       0x20 CMakeFiles/Lab7.dir/C_/pico/pico-sdk/src/rp2_common/pico_stdio/stdio.c.obj
                0x100048b0                stdio_flush
 .text.__wrap_puts
                0x100048d0       0x1e CMakeFiles/Lab7.dir/C_/pico/pico-sdk/src/rp2_common/pico_stdio/stdio.c.obj
                0x100048d0                __wrap_puts
 *fill*         0x100048ee        0x2 
 .text.__wrap_vprintf
                0x100048f0       0x40 CMakeFiles/Lab7.dir/C_/pico/pico-sdk/src/rp2_common/pico_stdio/stdio.c.obj
                0x100048f0                __wrap_vprintf
 .text.__wrap_printf
                0x10004930       0x18 CMakeFiles/Lab7.dir/C_/pico/pico-sdk/src/rp2_common/pico_stdio/stdio.c.obj
                0x10004930                __wrap_printf
 .text.stdio_init_all
                0x10004948        0xa CMakeFiles/Lab7.dir/C_/pico/pico-sdk/src/rp2_common/pico_stdio/stdio.c.obj
                0x10004948                stdio_init_all
 *fill*         0x10004952        0x2 
 .text.stdio_uart_out_chars
                0x10004954       0x74 CMakeFiles/Lab7.dir/C_/pico/pico-sdk/src/rp2_common/pico_stdio_uart/stdio_uart.c.obj
 .text.stdio_uart_in_chars
                0x100049c8       0x80 CMakeFiles/Lab7.dir/C_/pico/pico-sdk/src/rp2_common/pico_stdio_uart/stdio_uart.c.obj
                0x100049c8                stdio_uart_in_chars
 .text.on_uart_rx
                0x10004a48       0x28 CMakeFiles/Lab7.dir/C_/pico/pico-sdk/src/rp2_common/pico_stdio_uart/stdio_uart.c.obj
 .text.stdio_uart_set_chars_available_callback
                0x10004a70       0x8c CMakeFiles/Lab7.dir/C_/pico/pico-sdk/src/rp2_common/pico_stdio_uart/stdio_uart.c.obj
 .text.stdio_uart_init_full
                0x10004afc       0x44 CMakeFiles/Lab7.dir/C_/pico/pico-sdk/src/rp2_common/pico_stdio_uart/stdio_uart.c.obj
                0x10004afc                stdio_uart_init_full
 .text.stdio_uart_init
                0x10004b40       0x28 CMakeFiles/Lab7.dir/C_/pico/pico-sdk/src/rp2_common/pico_stdio_uart/stdio_uart.c.obj
                0x10004b40                stdio_uart_init
 .text._calloc_r
                0x10004b68       0x9c c:/progra~1/raspbe~1/picosd~1.1/gcc-ar~1/bin/../lib/gcc/arm-none-eabi/10.3.1/../../../../arm-none-eabi/lib/thumb/v6-m/nofp\libg.a(lib_a-callocr.o)
                0x10004b68                _calloc_r
 .text.__errno  0x10004c04        0xc c:/progra~1/raspbe~1/picosd~1.1/gcc-ar~1/bin/../lib/gcc/arm-none-eabi/10.3.1/../../../../arm-none-eabi/lib/thumb/v6-m/nofp\libg.a(lib_a-errno.o)
                0x10004c04                __errno
 .text.malloc   0x10004c10       0x14 c:/progra~1/raspbe~1/picosd~1.1/gcc-ar~1/bin/../lib/gcc/arm-none-eabi/10.3.1/../../../../arm-none-eabi/lib/thumb/v6-m/nofp\libg.a(lib_a-malloc.o)
                0x10004c10                malloc
 .text.free     0x10004c24       0x14 c:/progra~1/raspbe~1/picosd~1.1/gcc-ar~1/bin/../lib/gcc/arm-none-eabi/10.3.1/../../../../arm-none-eabi/lib/thumb/v6-m/nofp\libg.a(lib_a-malloc.o)
                0x10004c24                free
 .text._malloc_r
                0x10004c38      0x584 c:/progra~1/raspbe~1/picosd~1.1/gcc-ar~1/bin/../lib/gcc/arm-none-eabi/10.3.1/../../../../arm-none-eabi/lib/thumb/v6-m/nofp\libg.a(lib_a-mallocr.o)
                0x10004c38                _malloc_r
 .text.__malloc_lock
                0x100051bc       0x10 c:/progra~1/raspbe~1/picosd~1.1/gcc-ar~1/bin/../lib/gcc/arm-none-eabi/10.3.1/../../../../arm-none-eabi/lib/thumb/v6-m/nofp\libg.a(lib_a-mlock.o)
                0x100051bc                __malloc_lock
 .text.__malloc_unlock
                0x100051cc       0x10 c:/progra~1/raspbe~1/picosd~1.1/gcc-ar~1/bin/../lib/gcc/arm-none-eabi/10.3.1/../../../../arm-none-eabi/lib/thumb/v6-m/nofp\libg.a(lib_a-mlock.o)
                0x100051cc                __malloc_unlock
 .text.realloc  0x100051dc       0x18 c:/progra~1/raspbe~1/picosd~1.1/gcc-ar~1/bin/../lib/gcc/arm-none-eabi/10.3.1/../../../../arm-none-eabi/lib/thumb/v6-m/nofp\libg.a(lib_a-realloc.o)
                0x100051dc                realloc
 .text._realloc_r
                0x100051f4      0x354 c:/progra~1/raspbe~1/picosd~1.1/gcc-ar~1/bin/../lib/gcc/arm-none-eabi/10.3.1/../../../../arm-none-eabi/lib/thumb/v6-m/nofp\libg.a(lib_a-reallocr.o)
                0x100051f4                _realloc_r
 .text._sbrk_r  0x10005548       0x24 c:/progra~1/raspbe~1/picosd~1.1/gcc-ar~1/bin/../lib/gcc/arm-none-eabi/10.3.1/../../../../arm-none-eabi/lib/thumb/v6-m/nofp\libg.a(lib_a-sbrkr.o)
                0x10005548                _sbrk_r
 .text.sscanf   0x1000556c       0x50 c:/progra~1/raspbe~1/picosd~1.1/gcc-ar~1/bin/../lib/gcc/arm-none-eabi/10.3.1/../../../../arm-none-eabi/lib/thumb/v6-m/nofp\libg.a(lib_a-sscanf.o)
                0x1000556c                sscanf
 .text.__seofread
                0x100055bc        0x4 c:/progra~1/raspbe~1/picosd~1.1/gcc-ar~1/bin/../lib/gcc/arm-none-eabi/10.3.1/../../../../arm-none-eabi/lib/thumb/v6-m/nofp\libg.a(lib_a-stdio.o)
                0x100055bc                __seofread
 .text.strlen   0x100055c0       0x5c c:/progra~1/raspbe~1/picosd~1.1/gcc-ar~1/bin/../lib/gcc/arm-none-eabi/10.3.1/../../../../arm-none-eabi/lib/thumb/v6-m/nofp\libg.a(lib_a-strlen-stub.o)
                0x100055c0                strlen
 .text.__ssvfscanf_r
                0x1000561c     0x17a0 c:/progra~1/raspbe~1/picosd~1.1/gcc-ar~1/bin/../lib/gcc/arm-none-eabi/10.3.1/../../../../arm-none-eabi/lib/thumb/v6-m/nofp\libg.a(lib_a-svfscanf.o)
                0x1000561c                __ssvfscanf_r
 .text._malloc_trim_r
                0x10006dbc       0x9c c:/progra~1/raspbe~1/picosd~1.1/gcc-ar~1/bin/../lib/gcc/arm-none-eabi/10.3.1/../../../../arm-none-eabi/lib/thumb/v6-m/nofp\libg.a(lib_a-freer.o)
                0x10006dbc                _malloc_trim_r
 .text._free_r  0x10006e58      0x1c4 c:/progra~1/raspbe~1/picosd~1.1/gcc-ar~1/bin/../lib/gcc/arm-none-eabi/10.3.1/../../../../arm-none-eabi/lib/thumb/v6-m/nofp\libg.a(lib_a-freer.o)
                0x10006e58                _free_r
 .text.iswspace
                0x1000701c        0xc c:/progra~1/raspbe~1/picosd~1.1/gcc-ar~1/bin/../lib/gcc/arm-none-eabi/10.3.1/../../../../arm-none-eabi/lib/thumb/v6-m/nofp\libg.a(lib_a-iswspace.o)
                0x1000701c                iswspace
 .text.iswspace_l
                0x10007028       0x18 c:/progra~1/raspbe~1/picosd~1.1/gcc-ar~1/bin/../lib/gcc/arm-none-eabi/10.3.1/../../../../arm-none-eabi/lib/thumb/v6-m/nofp\libg.a(lib_a-iswspace_l.o)
                0x10007028                iswspace_l
 .text.__locale_mb_cur_max
                0x10007040       0x10 c:/progra~1/raspbe~1/picosd~1.1/gcc-ar~1/bin/../lib/gcc/arm-none-eabi/10.3.1/../../../../arm-none-eabi/lib/thumb/v6-m/nofp\libg.a(lib_a-locale.o)
                0x10007040                __locale_mb_cur_max
 .text._localeconv_r
                0x10007050        0x8 c:/progra~1/raspbe~1/picosd~1.1/gcc-ar~1/bin/../lib/gcc/arm-none-eabi/10.3.1/../../../../arm-none-eabi/lib/thumb/v6-m/nofp\libg.a(lib_a-localeconv.o)
                0x10007050                _localeconv_r
 .text.__retarget_lock_acquire_recursive
                0x10007058        0x4 c:/progra~1/raspbe~1/picosd~1.1/gcc-ar~1/bin/../lib/gcc/arm-none-eabi/10.3.1/../../../../arm-none-eabi/lib/thumb/v6-m/nofp\libg.a(lib_a-lock.o)
                0x10007058                __retarget_lock_acquire_recursive
 .text.__retarget_lock_release_recursive
                0x1000705c        0x4 c:/progra~1/raspbe~1/picosd~1.1/gcc-ar~1/bin/../lib/gcc/arm-none-eabi/10.3.1/../../../../arm-none-eabi/lib/thumb/v6-m/nofp\libg.a(lib_a-lock.o)
                0x1000705c                __retarget_lock_release_recursive
 .text._mbrtowc_r
                0x10007060       0x4c c:/progra~1/raspbe~1/picosd~1.1/gcc-ar~1/bin/../lib/gcc/arm-none-eabi/10.3.1/../../../../arm-none-eabi/lib/thumb/v6-m/nofp\libg.a(lib_a-mbrtowc.o)
                0x10007060                _mbrtowc_r
 .text.__ascii_mbtowc
                0x100070ac       0x2c c:/progra~1/raspbe~1/picosd~1.1/gcc-ar~1/bin/../lib/gcc/arm-none-eabi/10.3.1/../../../../arm-none-eabi/lib/thumb/v6-m/nofp\libg.a(lib_a-mbtowc_r.o)
                0x100070ac                __ascii_mbtowc
 .text.memmove  0x100070d8       0xac c:/progra~1/raspbe~1/picosd~1.1/gcc-ar~1/bin/../lib/gcc/arm-none-eabi/10.3.1/../../../../arm-none-eabi/lib/thumb/v6-m/nofp\libg.a(lib_a-memmove.o)
                0x100070d8                memmove
 .text.__sccl   0x10007184       0x80 c:/progra~1/raspbe~1/picosd~1.1/gcc-ar~1/bin/../lib/gcc/arm-none-eabi/10.3.1/../../../../arm-none-eabi/lib/thumb/v6-m/nofp\libg.a(lib_a-sccl.o)
                0x10007184                __sccl
 .text.nanf     0x10007204        0x8 c:/progra~1/raspbe~1/picosd~1.1/gcc-ar~1/bin/../lib/gcc/arm-none-eabi/10.3.1/../../../../arm-none-eabi/lib/thumb/v6-m/nofp\libg.a(lib_a-sf_nan.o)
                0x10007204                nanf
 .text._strtod_l
                0x1000720c      0xf78 c:/progra~1/raspbe~1/picosd~1.1/gcc-ar~1/bin/../lib/gcc/arm-none-eabi/10.3.1/../../../../arm-none-eabi/lib/thumb/v6-m/nofp\libg.a(lib_a-strtod.o)
                0x1000720c                _strtod_l
 .text._strtod_r
                0x10008184       0x10 c:/progra~1/raspbe~1/picosd~1.1/gcc-ar~1/bin/../lib/gcc/arm-none-eabi/10.3.1/../../../../arm-none-eabi/lib/thumb/v6-m/nofp\libg.a(lib_a-strtod.o)
                0x10008184                _strtod_r
 .text._strtol_l.part.0
                0x10008194      0x144 c:/progra~1/raspbe~1/picosd~1.1/gcc-ar~1/bin/../lib/gcc/arm-none-eabi/10.3.1/../../../../arm-none-eabi/lib/thumb/v6-m/nofp\libg.a(lib_a-strtol.o)
 .text._strtol_r
                0x100082d8       0x1c c:/progra~1/raspbe~1/picosd~1.1/gcc-ar~1/bin/../lib/gcc/arm-none-eabi/10.3.1/../../../../arm-none-eabi/lib/thumb/v6-m/nofp\libg.a(lib_a-strtol.o)
                0x100082d8                _strtol_r
 .text._strtoll_l.constprop.0
                0x100082f4      0x198 c:/progra~1/raspbe~1/picosd~1.1/gcc-ar~1/bin/../lib/gcc/arm-none-eabi/10.3.1/../../../../arm-none-eabi/lib/thumb/v6-m/nofp\libg.a(lib_a-strtoll.o)
 .text._strtoll_r
                0x1000848c        0x8 c:/progra~1/raspbe~1/picosd~1.1/gcc-ar~1/bin/../lib/gcc/arm-none-eabi/10.3.1/../../../../arm-none-eabi/lib/thumb/v6-m/nofp\libg.a(lib_a-strtoll.o)
                0x1000848c                _strtoll_r
 .text._strtoul_l.constprop.0
                0x10008494      0x148 c:/progra~1/raspbe~1/picosd~1.1/gcc-ar~1/bin/../lib/gcc/arm-none-eabi/10.3.1/../../../../arm-none-eabi/lib/thumb/v6-m/nofp\libg.a(lib_a-strtoul.o)
 .text._strtoul_r
                0x100085dc        0x8 c:/progra~1/raspbe~1/picosd~1.1/gcc-ar~1/bin/../lib/gcc/arm-none-eabi/10.3.1/../../../../arm-none-eabi/lib/thumb/v6-m/nofp\libg.a(lib_a-strtoul.o)
                0x100085dc                _strtoul_r
 .text._strtoull_l.constprop.0
                0x100085e4      0x1bc c:/progra~1/raspbe~1/picosd~1.1/gcc-ar~1/bin/../lib/gcc/arm-none-eabi/10.3.1/../../../../arm-none-eabi/lib/thumb/v6-m/nofp\libg.a(lib_a-strtoull.o)
 .text._strtoull_r
                0x100087a0        0x8 c:/progra~1/raspbe~1/picosd~1.1/gcc-ar~1/bin/../lib/gcc/arm-none-eabi/10.3.1/../../../../arm-none-eabi/lib/thumb/v6-m/nofp\libg.a(lib_a-strtoull.o)
                0x100087a0                _strtoull_r
 .text._sungetc_r
                0x100087a8       0x84 c:/progra~1/raspbe~1/picosd~1.1/gcc-ar~1/bin/../lib/gcc/arm-none-eabi/10.3.1/../../../../arm-none-eabi/lib/thumb/v6-m/nofp\libg.a(lib_a-svfiscanf.o)
                0x100087a8                _sungetc_r
 .text.__ssrefill_r
                0x1000882c       0x40 c:/progra~1/raspbe~1/picosd~1.1/gcc-ar~1/bin/../lib/gcc/arm-none-eabi/10.3.1/../../../../arm-none-eabi/lib/thumb/v6-m/nofp\libg.a(lib_a-svfiscanf.o)
                0x1000882c                __ssrefill_r
 .text._sfread_r
                0x1000886c       0xc4 c:/progra~1/raspbe~1/picosd~1.1/gcc-ar~1/bin/../lib/gcc/arm-none-eabi/10.3.1/../../../../arm-none-eabi/lib/thumb/v6-m/nofp\libg.a(lib_a-svfiscanf.o)
                0x1000886c                _sfread_r
 .text.__submore
                0x10008930       0x84 c:/progra~1/raspbe~1/picosd~1.1/gcc-ar~1/bin/../lib/gcc/arm-none-eabi/10.3.1/../../../../arm-none-eabi/lib/thumb/v6-m/nofp\libg.a(lib_a-ungetc.o)
                0x10008930                __submore
 .text.__ascii_wctomb
                0x100089b4       0x1c c:/progra~1/raspbe~1/picosd~1.1/gcc-ar~1/bin/../lib/gcc/arm-none-eabi/10.3.1/../../../../arm-none-eabi/lib/thumb/v6-m/nofp\libg.a(lib_a-wctomb_r.o)
                0x100089b4                __ascii_wctomb
 .text.rshift   0x100089d0       0xa4 c:/progra~1/raspbe~1/picosd~1.1/gcc-ar~1/bin/../lib/gcc/arm-none-eabi/10.3.1/../../../../arm-none-eabi/lib/thumb/v6-m/nofp\libg.a(lib_a-gdtoa-gethex.o)
 .text.__gethex
                0x10008a74      0x5cc c:/progra~1/raspbe~1/picosd~1.1/gcc-ar~1/bin/../lib/gcc/arm-none-eabi/10.3.1/../../../../arm-none-eabi/lib/thumb/v6-m/nofp\libg.a(lib_a-gdtoa-gethex.o)
                0x10008a74                __gethex
 .text.__match  0x10009040       0x2c c:/progra~1/raspbe~1/picosd~1.1/gcc-ar~1/bin/../lib/gcc/arm-none-eabi/10.3.1/../../../../arm-none-eabi/lib/thumb/v6-m/nofp\libg.a(lib_a-gdtoa-hexnan.o)
                0x10009040                __match
 .text.__hexnan
                0x1000906c      0x1d0 c:/progra~1/raspbe~1/picosd~1.1/gcc-ar~1/bin/../lib/gcc/arm-none-eabi/10.3.1/../../../../arm-none-eabi/lib/thumb/v6-m/nofp\libg.a(lib_a-gdtoa-hexnan.o)
                0x1000906c                __hexnan
 .text._Balloc  0x1000923c       0x50 c:/progra~1/raspbe~1/picosd~1.1/gcc-ar~1/bin/../lib/gcc/arm-none-eabi/10.3.1/../../../../arm-none-eabi/lib/thumb/v6-m/nofp\libg.a(lib_a-mprec.o)
                0x1000923c                _Balloc
 .text._Bfree   0x1000928c       0x14 c:/progra~1/raspbe~1/picosd~1.1/gcc-ar~1/bin/../lib/gcc/arm-none-eabi/10.3.1/../../../../arm-none-eabi/lib/thumb/v6-m/nofp\libg.a(lib_a-mprec.o)
                0x1000928c                _Bfree
 .text.__multadd
                0x100092a0       0xa8 c:/progra~1/raspbe~1/picosd~1.1/gcc-ar~1/bin/../lib/gcc/arm-none-eabi/10.3.1/../../../../arm-none-eabi/lib/thumb/v6-m/nofp\libg.a(lib_a-mprec.o)
                0x100092a0                __multadd
 .text.__s2b    0x10009348       0xb0 c:/progra~1/raspbe~1/picosd~1.1/gcc-ar~1/bin/../lib/gcc/arm-none-eabi/10.3.1/../../../../arm-none-eabi/lib/thumb/v6-m/nofp\libg.a(lib_a-mprec.o)
                0x10009348                __s2b
 .text.__hi0bits
                0x100093f8       0x38 c:/progra~1/raspbe~1/picosd~1.1/gcc-ar~1/bin/../lib/gcc/arm-none-eabi/10.3.1/../../../../arm-none-eabi/lib/thumb/v6-m/nofp\libg.a(lib_a-mprec.o)
                0x100093f8                __hi0bits
 .text.__lo0bits
                0x10009430       0x5c c:/progra~1/raspbe~1/picosd~1.1/gcc-ar~1/bin/../lib/gcc/arm-none-eabi/10.3.1/../../../../arm-none-eabi/lib/thumb/v6-m/nofp\libg.a(lib_a-mprec.o)
                0x10009430                __lo0bits
 .text.__i2b    0x1000948c       0x60 c:/progra~1/raspbe~1/picosd~1.1/gcc-ar~1/bin/../lib/gcc/arm-none-eabi/10.3.1/../../../../arm-none-eabi/lib/thumb/v6-m/nofp\libg.a(lib_a-mprec.o)
                0x1000948c                __i2b
 .text.__multiply
                0x100094ec      0x1a4 c:/progra~1/raspbe~1/picosd~1.1/gcc-ar~1/bin/../lib/gcc/arm-none-eabi/10.3.1/../../../../arm-none-eabi/lib/thumb/v6-m/nofp\libg.a(lib_a-mprec.o)
                0x100094ec                __multiply
 .text.__pow5mult
                0x10009690       0xd8 c:/progra~1/raspbe~1/picosd~1.1/gcc-ar~1/bin/../lib/gcc/arm-none-eabi/10.3.1/../../../../arm-none-eabi/lib/thumb/v6-m/nofp\libg.a(lib_a-mprec.o)
                0x10009690                __pow5mult
 .text.__lshift
                0x10009768       0xfc c:/progra~1/raspbe~1/picosd~1.1/gcc-ar~1/bin/../lib/gcc/arm-none-eabi/10.3.1/../../../../arm-none-eabi/lib/thumb/v6-m/nofp\libg.a(lib_a-mprec.o)
                0x10009768                __lshift
 .text.__mcmp   0x10009864       0x34 c:/progra~1/raspbe~1/picosd~1.1/gcc-ar~1/bin/../lib/gcc/arm-none-eabi/10.3.1/../../../../arm-none-eabi/lib/thumb/v6-m/nofp\libg.a(lib_a-mprec.o)
                0x10009864                __mcmp
 .text.__mdiff  0x10009898      0x18c c:/progra~1/raspbe~1/picosd~1.1/gcc-ar~1/bin/../lib/gcc/arm-none-eabi/10.3.1/../../../../arm-none-eabi/lib/thumb/v6-m/nofp\libg.a(lib_a-mprec.o)
                0x10009898                __mdiff
 .text.__ulp    0x10009a24       0x48 c:/progra~1/raspbe~1/picosd~1.1/gcc-ar~1/bin/../lib/gcc/arm-none-eabi/10.3.1/../../../../arm-none-eabi/lib/thumb/v6-m/nofp\libg.a(lib_a-mprec.o)
                0x10009a24                __ulp
 .text.__b2d    0x10009a6c       0xc8 c:/progra~1/raspbe~1/picosd~1.1/gcc-ar~1/bin/../lib/gcc/arm-none-eabi/10.3.1/../../../../arm-none-eabi/lib/thumb/v6-m/nofp\libg.a(lib_a-mprec.o)
                0x10009a6c                __b2d
 .text.__d2b    0x10009b34       0xd8 c:/progra~1/raspbe~1/picosd~1.1/gcc-ar~1/bin/../lib/gcc/arm-none-eabi/10.3.1/../../../../arm-none-eabi/lib/thumb/v6-m/nofp\libg.a(lib_a-mprec.o)
                0x10009b34                __d2b
 .text.__ratio  0x10009c0c       0x68 c:/progra~1/raspbe~1/picosd~1.1/gcc-ar~1/bin/../lib/gcc/arm-none-eabi/10.3.1/../../../../arm-none-eabi/lib/thumb/v6-m/nofp\libg.a(lib_a-mprec.o)
                0x10009c0c                __ratio
 .text.__copybits
                0x10009c74       0x40 c:/progra~1/raspbe~1/picosd~1.1/gcc-ar~1/bin/../lib/gcc/arm-none-eabi/10.3.1/../../../../arm-none-eabi/lib/thumb/v6-m/nofp\libg.a(lib_a-mprec.o)
                0x10009c74                __copybits
 .text.__any_on
                0x10009cb4       0x50 c:/progra~1/raspbe~1/picosd~1.1/gcc-ar~1/bin/../lib/gcc/arm-none-eabi/10.3.1/../../../../arm-none-eabi/lib/thumb/v6-m/nofp\libg.a(lib_a-mprec.o)
                0x10009cb4                __any_on
 .text.nan      0x10009d04        0xc c:/progra~1/raspbe~1/picosd~1.1/gcc-ar~1/bin/../lib/gcc/arm-none-eabi/10.3.1/../../../../arm-none-eabi/lib/thumb/v6-m/nofp\libg.a(lib_a-s_nan.o)
                0x10009d04                nan
 .text.strncmp  0x10009d10       0x74 c:/progra~1/raspbe~1/picosd~1.1/gcc-ar~1/bin/../lib/gcc/arm-none-eabi/10.3.1/../../../../arm-none-eabi/lib/thumb/v6-m/nofp\libg.a(lib_a-strncmp.o)
                0x10009d10                strncmp
 *(.fini)
 .fini          0x10009d84        0x4 c:/progra~1/raspbe~1/picosd~1.1/gcc-ar~1/bin/../lib/gcc/arm-none-eabi/10.3.1/thumb/v6-m/nofp/crti.o
                0x10009d84                _fini
 .fini.__stub   0x10009d88       0x40 linker stubs
 *crtbegin.o(.ctors)
 *crtbegin?.o(.ctors)
 *(EXCLUDE_FILE(*crtend.o *crtend?.o) .ctors)
 *(SORT_BY_NAME(.ctors.*))
 *(.ctors)
 *crtbegin.o(.dtors)
 *crtbegin?.o(.dtors)
 *(EXCLUDE_FILE(*crtend.o *crtend?.o) .dtors)
 *(SORT_BY_NAME(.dtors.*))
 *(.dtors)
 *(.eh_frame*)
 .eh_frame      0x10009dc8        0x0 c:/progra~1/raspbe~1/picosd~1.1/gcc-ar~1/bin/../lib/gcc/arm-none-eabi/10.3.1/thumb/v6-m/nofp/crtbegin.o
                0x10009dc8                . = ALIGN (0x4)

.glue_7         0x10009dc8        0x0
 .glue_7        0x10009dc8        0x0 linker stubs

.glue_7t        0x10009dc8        0x0
 .glue_7t       0x10009dc8        0x0 linker stubs

.vfp11_veneer   0x10009dc8        0x0
 .vfp11_veneer  0x10009dc8        0x0 linker stubs

.v4_bx          0x10009dc8        0x0
 .v4_bx         0x10009dc8        0x0 linker stubs

.iplt           0x10009dc8        0x0
 .iplt          0x10009dc8        0x0 c:/progra~1/raspbe~1/picosd~1.1/gcc-ar~1/bin/../lib/gcc/arm-none-eabi/10.3.1/thumb/v6-m/nofp/crtbegin.o

.rodata         0x10009dc8     0x188c
 *(EXCLUDE_FILE(*libm.a: *libc.a:*lib_a-mem*.o *libgcc.a:) .rodata*)
 .rodata.main.str1.4
                0x10009dc8       0x4f CMakeFiles/Lab7.dir/main.c.obj
 *fill*         0x10009e17        0x1 
 .rodata.term_data_cls
                0x10009e18        0x2 CMakeFiles/Lab7.dir/main.c.obj
 *fill*         0x10009e1a        0x2 
 .rodata.term_data_esc_prefix
                0x10009e1c        0x2 CMakeFiles/Lab7.dir/main.c.obj
 *fill*         0x10009e1e        0x2 
 .rodata.make_branch.str1.4
                0x10009e20       0x63 CMakeFiles/Lab7.dir/C_/pico/pico-sdk/src/rp2_common/hardware_irq/irq.c.obj
 *fill*         0x10009e83        0x1 
 .rodata.insert_branch_and_link.str1.4
                0x10009e84       0x10 CMakeFiles/Lab7.dir/C_/pico/pico-sdk/src/rp2_common/hardware_irq/irq.c.obj
 .rodata.irq_set_exclusive_handler.str1.4
                0x10009e94       0x36 CMakeFiles/Lab7.dir/C_/pico/pico-sdk/src/rp2_common/hardware_irq/irq.c.obj
 *fill*         0x10009eca        0x2 
 .rodata.irq_add_shared_handler.str1.4
                0x10009ecc       0xd9 CMakeFiles/Lab7.dir/C_/pico/pico-sdk/src/rp2_common/hardware_irq/irq.c.obj
 *fill*         0x10009fa5        0x3 
 .rodata.irq_remove_handler.str1.4
                0x10009fa8       0x3a CMakeFiles/Lab7.dir/C_/pico/pico-sdk/src/rp2_common/hardware_irq/irq.c.obj
 *fill*         0x10009fe2        0x2 
 .rodata.irq_add_tail_to_free_list.str1.4
                0x10009fe4       0x3a CMakeFiles/Lab7.dir/C_/pico/pico-sdk/src/rp2_common/hardware_irq/irq.c.obj
 *fill*         0x1000a01e        0x2 
 .rodata.__func__.0
                0x1000a020       0x1a CMakeFiles/Lab7.dir/C_/pico/pico-sdk/src/rp2_common/hardware_irq/irq.c.obj
 *fill*         0x1000a03a        0x2 
 .rodata.__func__.1
                0x1000a03c       0x17 CMakeFiles/Lab7.dir/C_/pico/pico-sdk/src/rp2_common/hardware_irq/irq.c.obj
 *fill*         0x1000a053        0x1 
 .rodata.__func__.2
                0x1000a054       0x13 CMakeFiles/Lab7.dir/C_/pico/pico-sdk/src/rp2_common/hardware_irq/irq.c.obj
 *fill*         0x1000a067        0x1 
 .rodata.__func__.3
                0x1000a068        0xc CMakeFiles/Lab7.dir/C_/pico/pico-sdk/src/rp2_common/hardware_irq/irq.c.obj
 .rodata.__func__.4
                0x1000a074        0xf CMakeFiles/Lab7.dir/C_/pico/pico-sdk/src/rp2_common/hardware_irq/irq.c.obj
 *fill*         0x1000a083        0x1 
 .rodata.__func__.6
                0x1000a084       0x1a CMakeFiles/Lab7.dir/C_/pico/pico-sdk/src/rp2_common/hardware_irq/irq.c.obj
 *fill*         0x1000a09e        0x2 
 .rodata.str1.4
                0x1000a0a0       0xd9 CMakeFiles/Lab7.dir/C_/pico/pico-sdk/src/common/pico_sync/mutex.c.obj
 *fill*         0x1000a179        0x3 
 .rodata.__func__.1
                0x1000a17c        0xb CMakeFiles/Lab7.dir/C_/pico/pico-sdk/src/common/pico_sync/mutex.c.obj
 *fill*         0x1000a187        0x1 
 .rodata.__func__.3
                0x1000a188       0x18 CMakeFiles/Lab7.dir/C_/pico/pico-sdk/src/common/pico_sync/mutex.c.obj
 .rodata.repeating_timer_callback.str1.4
                0x1000a1a0       0x41 CMakeFiles/Lab7.dir/C_/pico/pico-sdk/src/common/pico_time/time.c.obj
 *fill*         0x1000a1e1        0x3 
 .rodata.timer_pool_entry_comparator.str1.4
                0x1000a1e4       0x22 CMakeFiles/Lab7.dir/C_/pico/pico-sdk/src/common/pico_time/time.c.obj
 *fill*         0x1000a206        0x2 
 .rodata.ph_add_child_node.str1.4
                0x1000a208       0x8a CMakeFiles/Lab7.dir/C_/pico/pico-sdk/src/common/pico_time/time.c.obj
 *fill*         0x1000a292        0x2 
 .rodata.add_alarm_under_lock.str1.4
                0x1000a294       0x28 CMakeFiles/Lab7.dir/C_/pico/pico-sdk/src/common/pico_time/time.c.obj
                                 0x2b (size before relaxing)
 .rodata.alarm_pool_alarm_callback.str1.4
                0x1000a2bc       0x98 CMakeFiles/Lab7.dir/C_/pico/pico-sdk/src/common/pico_time/time.c.obj
                                 0xf0 (size before relaxing)
 .rodata.alarm_pool_get_default.str1.4
                0x1000a354       0x21 CMakeFiles/Lab7.dir/C_/pico/pico-sdk/src/common/pico_time/time.c.obj
 *fill*         0x1000a375        0x3 
 .rodata.alarm_pool_cancel_alarm.str1.4
                0x1000a378       0x27 CMakeFiles/Lab7.dir/C_/pico/pico-sdk/src/common/pico_time/time.c.obj
 *fill*         0x1000a39f        0x1 
 .rodata.sleep_until.str1.4
                0x1000a3a0       0x4d CMakeFiles/Lab7.dir/C_/pico/pico-sdk/src/common/pico_time/time.c.obj
 *fill*         0x1000a3ed        0x3 
 .rodata.__func__.1
                0x1000a3f0       0x18 CMakeFiles/Lab7.dir/C_/pico/pico-sdk/src/common/pico_time/time.c.obj
 .rodata.__func__.10
                0x1000a408       0x15 CMakeFiles/Lab7.dir/C_/pico/pico-sdk/src/common/pico_time/time.c.obj
 *fill*         0x1000a41d        0x3 
 .rodata.__func__.11
                0x1000a420       0x1a CMakeFiles/Lab7.dir/C_/pico/pico-sdk/src/common/pico_time/time.c.obj
 *fill*         0x1000a43a        0x2 
 .rodata.__func__.12
                0x1000a43c        0xa CMakeFiles/Lab7.dir/C_/pico/pico-sdk/src/common/pico_time/time.c.obj
 *fill*         0x1000a446        0x2 
 .rodata.__func__.3
                0x1000a448       0x17 CMakeFiles/Lab7.dir/C_/pico/pico-sdk/src/common/pico_time/time.c.obj
 *fill*         0x1000a45f        0x1 
 .rodata.__func__.4
                0x1000a460       0x12 CMakeFiles/Lab7.dir/C_/pico/pico-sdk/src/common/pico_time/time.c.obj
 *fill*         0x1000a472        0x2 
 .rodata.__func__.5
                0x1000a474        0xd CMakeFiles/Lab7.dir/C_/pico/pico-sdk/src/common/pico_time/time.c.obj
 *fill*         0x1000a481        0x3 
 .rodata.__func__.6
                0x1000a484       0x12 CMakeFiles/Lab7.dir/C_/pico/pico-sdk/src/common/pico_time/time.c.obj
 *fill*         0x1000a496        0x2 
 .rodata.__func__.7
                0x1000a498        0xf CMakeFiles/Lab7.dir/C_/pico/pico-sdk/src/common/pico_time/time.c.obj
 *fill*         0x1000a4a7        0x1 
 .rodata.__func__.8
                0x1000a4a8        0xc CMakeFiles/Lab7.dir/C_/pico/pico-sdk/src/common/pico_time/time.c.obj
 .rodata.__func__.9
                0x1000a4b4       0x15 CMakeFiles/Lab7.dir/C_/pico/pico-sdk/src/common/pico_time/time.c.obj
 *fill*         0x1000a4c9        0x3 
 .rodata.hardware_alarm_claim.str1.4
                0x1000a4cc       0x22 CMakeFiles/Lab7.dir/C_/pico/pico-sdk/src/rp2_common/hardware_timer/timer.c.obj
 .rodata.busy_wait_us.str1.4
                0x1000a4ee       0x57 CMakeFiles/Lab7.dir/C_/pico/pico-sdk/src/rp2_common/hardware_timer/timer.c.obj
 *fill*         0x1000a4ee        0x2 
 .rodata.hardware_alarm_set_target.str1.4
                0x1000a4f0       0x5b CMakeFiles/Lab7.dir/C_/pico/pico-sdk/src/rp2_common/hardware_timer/timer.c.obj
 *fill*         0x1000a54b        0x1 
 .rodata.__func__.0
                0x1000a54c       0x1a CMakeFiles/Lab7.dir/C_/pico/pico-sdk/src/rp2_common/hardware_timer/timer.c.obj
 *fill*         0x1000a566        0x2 
 .rodata.__func__.1
                0x1000a568       0x15 CMakeFiles/Lab7.dir/C_/pico/pico-sdk/src/rp2_common/hardware_timer/timer.c.obj
 .rodata.ph_add_child_node.str1.4
                0x1000a57d       0x8a CMakeFiles/Lab7.dir/C_/pico/pico-sdk/src/common/pico_util/pheap.c.obj
 *fill*         0x1000a57d        0x3 
 .rodata.ph_remove_any_head.str1.4
                0x1000a580       0x84 CMakeFiles/Lab7.dir/C_/pico/pico-sdk/src/common/pico_util/pheap.c.obj
                                 0x98 (size before relaxing)
 .rodata.ph_remove_and_free_node.str1.4
                0x1000a604       0x1e CMakeFiles/Lab7.dir/C_/pico/pico-sdk/src/common/pico_util/pheap.c.obj
                                 0x26 (size before relaxing)
 *fill*         0x1000a622        0x2 
 .rodata.__func__.0
                0x1000a624       0x18 CMakeFiles/Lab7.dir/C_/pico/pico-sdk/src/common/pico_util/pheap.c.obj
 .rodata.__func__.1
                0x1000a63c       0x13 CMakeFiles/Lab7.dir/C_/pico/pico-sdk/src/common/pico_util/pheap.c.obj
 *fill*         0x1000a64f        0x1 
 .rodata.__func__.2
                0x1000a650       0x12 CMakeFiles/Lab7.dir/C_/pico/pico-sdk/src/common/pico_util/pheap.c.obj
 *fill*         0x1000a662        0x2 
 .rodata.__func__.3
                0x1000a664        0xc CMakeFiles/Lab7.dir/C_/pico/pico-sdk/src/common/pico_util/pheap.c.obj
 .rodata.clock_configure.str1.4
                0x1000a670       0x4d CMakeFiles/Lab7.dir/C_/pico/pico-sdk/src/rp2_common/hardware_clocks/clocks.c.obj
 *fill*         0x1000a6bd        0x3 
 .rodata.__func__.1
                0x1000a6c0       0x10 CMakeFiles/Lab7.dir/C_/pico/pico-sdk/src/rp2_common/hardware_clocks/clocks.c.obj
 .rodata.pll_init.str1.4
                0x1000a6d0      0x118 CMakeFiles/Lab7.dir/C_/pico/pico-sdk/src/rp2_common/hardware_pll/pll.c.obj
 .rodata.__func__.0
                0x1000a7e8        0x9 CMakeFiles/Lab7.dir/C_/pico/pico-sdk/src/rp2_common/hardware_pll/pll.c.obj
 *fill*         0x1000a7f1        0x3 
 .rodata.__assert_func.str1.4
                0x1000a7f4       0x3f CMakeFiles/Lab7.dir/C_/pico/pico-sdk/src/rp2_common/pico_runtime/runtime.c.obj
                                 0x43 (size before relaxing)
 *fill*         0x1000a833        0x1 
 .rodata.runtime_init.str1.4
                0x1000a834       0x57 CMakeFiles/Lab7.dir/C_/pico/pico-sdk/src/rp2_common/pico_runtime/runtime.c.obj
 *fill*         0x1000a88b        0x1 
 .rodata.panic.str1.4
                0x1000a88c       0x10 CMakeFiles/Lab7.dir/C_/pico/pico-sdk/src/rp2_common/pico_runtime/runtime.c.obj
                                 0x12 (size before relaxing)
 .rodata.__func__.2
                0x1000a89c        0xd CMakeFiles/Lab7.dir/C_/pico/pico-sdk/src/rp2_common/pico_runtime/runtime.c.obj
 *fill*         0x1000a8a9        0x3 
 .rodata._ftoa.str1.4
                0x1000a8ac       0x15 CMakeFiles/Lab7.dir/C_/pico/pico-sdk/src/rp2_common/pico_printf/printf.c.obj
 *fill*         0x1000a8c1        0x3 
 .rodata._vsnprintf
                0x1000a8c4      0x1e0 CMakeFiles/Lab7.dir/C_/pico/pico-sdk/src/rp2_common/pico_printf/printf.c.obj
 *fill*         0x1000aaa4        0x4 
 .rodata.pow10.0
                0x1000aaa8       0x50 CMakeFiles/Lab7.dir/C_/pico/pico-sdk/src/rp2_common/pico_printf/printf.c.obj
 .rodata.__aeabi_double_init.str1.4
                0x1000aaf8       0x92 CMakeFiles/Lab7.dir/C_/pico/pico-sdk/src/rp2_common/pico_double/double_init_rom.c.obj
 *fill*         0x1000ab8a        0x2 
 .rodata.__func__.0
                0x1000ab8c       0x14 CMakeFiles/Lab7.dir/C_/pico/pico-sdk/src/rp2_common/pico_double/double_init_rom.c.obj
 .rodata.__aeabi_float_init.str1.4
                0x1000aba0       0x70 CMakeFiles/Lab7.dir/C_/pico/pico-sdk/src/rp2_common/pico_float/float_init_rom.c.obj
                                 0x74 (size before relaxing)
 .rodata.__func__.0
                0x1000ac10       0x13 CMakeFiles/Lab7.dir/C_/pico/pico-sdk/src/rp2_common/pico_float/float_init_rom.c.obj
 *fill*         0x1000ac23        0x1 
 .rodata.__wrap_malloc.str1.4
                0x1000ac24        0xe CMakeFiles/Lab7.dir/C_/pico/pico-sdk/src/rp2_common/pico_malloc/pico_malloc.c.obj
 *fill*         0x1000ac32        0x2 
 .rodata.str1.4
                0x1000ac34       0x3c CMakeFiles/Lab7.dir/C_/pico/pico-sdk/src/rp2_common/pico_standard_link/binary_info.c.obj
 .rodata.__bi_44
                0x1000ac70        0xc CMakeFiles/Lab7.dir/C_/pico/pico-sdk/src/rp2_common/pico_standard_link/binary_info.c.obj
 .rodata.__bi_75
                0x1000ac7c        0xc CMakeFiles/Lab7.dir/C_/pico/pico-sdk/src/rp2_common/pico_standard_link/binary_info.c.obj
 .rodata.__bi_81
                0x1000ac88        0xc CMakeFiles/Lab7.dir/C_/pico/pico-sdk/src/rp2_common/pico_standard_link/binary_info.c.obj
 .rodata.stdout_serialize_begin.str1.4
                0x1000ac94       0x57 CMakeFiles/Lab7.dir/C_/pico/pico-sdk/src/rp2_common/pico_stdio/stdio.c.obj
 .rodata.__func__.3
                0x1000ac94       0x15 CMakeFiles/Lab7.dir/C_/pico/pico-sdk/src/rp2_common/pico_stdio/stdio.c.obj
 *fill*         0x1000aca9        0x3 
 .rodata.crlf_str.2
                0x1000acac        0x2 CMakeFiles/Lab7.dir/C_/pico/pico-sdk/src/rp2_common/pico_stdio/stdio.c.obj
 *fill*         0x1000acae        0x2 
 .rodata.str1.4
                0x1000acb0       0x2c CMakeFiles/Lab7.dir/C_/pico/pico-sdk/src/rp2_common/pico_stdio_uart/stdio_uart.c.obj
 .rodata.__bi_33.4
                0x1000acdc        0xc CMakeFiles/Lab7.dir/C_/pico/pico-sdk/src/rp2_common/pico_stdio_uart/stdio_uart.c.obj
 .rodata.__bi_34.5
                0x1000ace8        0x8 CMakeFiles/Lab7.dir/C_/pico/pico-sdk/src/rp2_common/pico_stdio_uart/stdio_uart.c.obj
 .rodata.__ssvfscanf_r.str1.4
                0x1000acf0        0x5 c:/progra~1/raspbe~1/picosd~1.1/gcc-ar~1/bin/../lib/gcc/arm-none-eabi/10.3.1/../../../../arm-none-eabi/lib/thumb/v6-m/nofp\libg.a(lib_a-svfscanf.o)
                                  0x9 (size before relaxing)
 *fill*         0x1000acf5        0x3 
 .rodata.__ssvfscanf_r
                0x1000acf8      0x3cc c:/progra~1/raspbe~1/picosd~1.1/gcc-ar~1/bin/../lib/gcc/arm-none-eabi/10.3.1/../../../../arm-none-eabi/lib/thumb/v6-m/nofp\libg.a(lib_a-svfscanf.o)
 .rodata.basefix.0
                0x1000b0c4       0x22 c:/progra~1/raspbe~1/picosd~1.1/gcc-ar~1/bin/../lib/gcc/arm-none-eabi/10.3.1/../../../../arm-none-eabi/lib/thumb/v6-m/nofp\libg.a(lib_a-svfscanf.o)
 *fill*         0x1000b0e6        0x2 
 .rodata._ctype_
                0x1000b0e8      0x101 c:/progra~1/raspbe~1/picosd~1.1/gcc-ar~1/bin/../lib/gcc/arm-none-eabi/10.3.1/../../../../arm-none-eabi/lib/thumb/v6-m/nofp\libg.a(lib_a-ctype_.o)
                0x1000b0e8                _ctype_
 *fill*         0x1000b1e9        0x3 
 .rodata._setlocale_r.str1.4
                0x1000b1ec        0xa c:/progra~1/raspbe~1/picosd~1.1/gcc-ar~1/bin/../lib/gcc/arm-none-eabi/10.3.1/../../../../arm-none-eabi/lib/thumb/v6-m/nofp\libg.a(lib_a-locale.o)
                                  0xd (size before relaxing)
 *fill*         0x1000b1f6        0x2 
 .rodata.str1.4
                0x1000b1f8        0x2 c:/progra~1/raspbe~1/picosd~1.1/gcc-ar~1/bin/../lib/gcc/arm-none-eabi/10.3.1/../../../../arm-none-eabi/lib/thumb/v6-m/nofp\libg.a(lib_a-locale.o)
 .rodata._mbrtowc_r.str1.4
                0x1000b1fa        0x1 c:/progra~1/raspbe~1/picosd~1.1/gcc-ar~1/bin/../lib/gcc/arm-none-eabi/10.3.1/../../../../arm-none-eabi/lib/thumb/v6-m/nofp\libg.a(lib_a-mbrtowc.o)
 *fill*         0x1000b1fa        0x2 
 .rodata._strtod_l.str1.4
                0x1000b1fc        0xf c:/progra~1/raspbe~1/picosd~1.1/gcc-ar~1/bin/../lib/gcc/arm-none-eabi/10.3.1/../../../../arm-none-eabi/lib/thumb/v6-m/nofp\libg.a(lib_a-strtod.o)
                                 0x11 (size before relaxing)
 *fill*         0x1000b20b        0x1 
 .rodata._strtod_l
                0x1000b20c       0xd0 c:/progra~1/raspbe~1/picosd~1.1/gcc-ar~1/bin/../lib/gcc/arm-none-eabi/10.3.1/../../../../arm-none-eabi/lib/thumb/v6-m/nofp\libg.a(lib_a-strtod.o)
 .rodata.fpi.1  0x1000b2dc       0x14 c:/progra~1/raspbe~1/picosd~1.1/gcc-ar~1/bin/../lib/gcc/arm-none-eabi/10.3.1/../../../../arm-none-eabi/lib/thumb/v6-m/nofp\libg.a(lib_a-strtod.o)
 .rodata.fpinan.0
                0x1000b2f0       0x14 c:/progra~1/raspbe~1/picosd~1.1/gcc-ar~1/bin/../lib/gcc/arm-none-eabi/10.3.1/../../../../arm-none-eabi/lib/thumb/v6-m/nofp\libg.a(lib_a-strtod.o)
 *fill*         0x1000b304        0x4 
 .rodata.tinytens
                0x1000b308       0x28 c:/progra~1/raspbe~1/picosd~1.1/gcc-ar~1/bin/../lib/gcc/arm-none-eabi/10.3.1/../../../../arm-none-eabi/lib/thumb/v6-m/nofp\libg.a(lib_a-strtod.o)
 .rodata.__gethex.str1.4
                0x1000b330       0x9a c:/progra~1/raspbe~1/picosd~1.1/gcc-ar~1/bin/../lib/gcc/arm-none-eabi/10.3.1/../../../../arm-none-eabi/lib/thumb/v6-m/nofp\libg.a(lib_a-gdtoa-gethex.o)
 *fill*         0x1000b3ca        0x2 
 .rodata.__hexdig
                0x1000b3cc      0x100 c:/progra~1/raspbe~1/picosd~1.1/gcc-ar~1/bin/../lib/gcc/arm-none-eabi/10.3.1/../../../../arm-none-eabi/lib/thumb/v6-m/nofp\libg.a(lib_a-gdtoa-gethex.o)
                0x1000b3cc                __hexdig
 .rodata.str1.4
                0x1000b4cc        0x5 c:/progra~1/raspbe~1/picosd~1.1/gcc-ar~1/bin/../lib/gcc/arm-none-eabi/10.3.1/../../../../arm-none-eabi/lib/thumb/v6-m/nofp\libg.a(lib_a-lnumeric.o)
 .rodata._C_numeric_locale
                0x1000b4cc        0xc c:/progra~1/raspbe~1/picosd~1.1/gcc-ar~1/bin/../lib/gcc/arm-none-eabi/10.3.1/../../../../arm-none-eabi/lib/thumb/v6-m/nofp\libg.a(lib_a-lnumeric.o)
                0x1000b4cc                _C_numeric_locale
 .rodata.__multadd.str1.4
                0x1000b4d8       0x7f c:/progra~1/raspbe~1/picosd~1.1/gcc-ar~1/bin/../lib/gcc/arm-none-eabi/10.3.1/../../../../arm-none-eabi/lib/thumb/v6-m/nofp\libg.a(lib_a-mprec.o)
                                 0x93 (size before relaxing)
 *fill*         0x1000b557        0x1 
 .rodata.__mprec_bigtens
                0x1000b558       0x28 c:/progra~1/raspbe~1/picosd~1.1/gcc-ar~1/bin/../lib/gcc/arm-none-eabi/10.3.1/../../../../arm-none-eabi/lib/thumb/v6-m/nofp\libg.a(lib_a-mprec.o)
                0x1000b558                __mprec_bigtens
 .rodata.__mprec_tens
                0x1000b580       0xc8 c:/progra~1/raspbe~1/picosd~1.1/gcc-ar~1/bin/../lib/gcc/arm-none-eabi/10.3.1/../../../../arm-none-eabi/lib/thumb/v6-m/nofp\libg.a(lib_a-mprec.o)
                0x1000b580                __mprec_tens
 .rodata.p05.0  0x1000b648        0xc c:/progra~1/raspbe~1/picosd~1.1/gcc-ar~1/bin/../lib/gcc/arm-none-eabi/10.3.1/../../../../arm-none-eabi/lib/thumb/v6-m/nofp\libg.a(lib_a-mprec.o)
                0x1000b654                . = ALIGN (0x4)
 *(SORT_BY_ALIGNMENT(SORT_BY_NAME(.flashdata*)))
                0x1000b654                . = ALIGN (0x4)

.ARM.extab
 *(.ARM.extab* .gnu.linkonce.armextab.*)
                0x1000b654                __exidx_start = .

.ARM.exidx
 *(.ARM.exidx* .gnu.linkonce.armexidx.*)
                0x1000b654                __exidx_end = .
                0x1000b654                . = ALIGN (0x4)
                0x1000b654                __binary_info_start = .

.binary_info    0x1000b654       0x24
 *(.binary_info.keep.*)
 .binary_info.keep.__bi_ptr22
                0x1000b654        0x4 CMakeFiles/Lab7.dir/C_/pico/pico-sdk/src/rp2_common/pico_standard_link/binary_info.c.obj
 .binary_info.keep.__bi_ptr30
                0x1000b658        0x4 CMakeFiles/Lab7.dir/C_/pico/pico-sdk/src/rp2_common/pico_standard_link/binary_info.c.obj
 .binary_info.keep.__bi_ptr38
                0x1000b65c        0x4 CMakeFiles/Lab7.dir/C_/pico/pico-sdk/src/rp2_common/pico_standard_link/binary_info.c.obj
 .binary_info.keep.__bi_ptr44
                0x1000b660        0x4 CMakeFiles/Lab7.dir/C_/pico/pico-sdk/src/rp2_common/pico_standard_link/binary_info.c.obj
 .binary_info.keep.__bi_ptr50
                0x1000b664        0x4 CMakeFiles/Lab7.dir/C_/pico/pico-sdk/src/rp2_common/pico_standard_link/binary_info.c.obj
 .binary_info.keep.__bi_ptr75
                0x1000b668        0x4 CMakeFiles/Lab7.dir/C_/pico/pico-sdk/src/rp2_common/pico_standard_link/binary_info.c.obj
 .binary_info.keep.__bi_ptr81
                0x1000b66c        0x4 CMakeFiles/Lab7.dir/C_/pico/pico-sdk/src/rp2_common/pico_standard_link/binary_info.c.obj
 *(.binary_info.*)
 .binary_info.__bi_ptr33
                0x1000b670        0x4 CMakeFiles/Lab7.dir/C_/pico/pico-sdk/src/rp2_common/pico_stdio_uart/stdio_uart.c.obj
 .binary_info.__bi_ptr34
                0x1000b674        0x4 CMakeFiles/Lab7.dir/C_/pico/pico-sdk/src/rp2_common/pico_stdio_uart/stdio_uart.c.obj
                0x1000b678                __binary_info_end = .

.rel.dyn        0x1000b678        0x0
 .rel.iplt      0x1000b678        0x0 c:/progra~1/raspbe~1/picosd~1.1/gcc-ar~1/bin/../lib/gcc/arm-none-eabi/10.3.1/thumb/v6-m/nofp/crtbegin.o
                0x1000b678                . = ALIGN (0x4)

.ram_vector_table
                0x20000000       0xc0
 *(.ram_vector_table)
 .ram_vector_table
                0x20000000       0xc0 CMakeFiles/Lab7.dir/C_/pico/pico-sdk/src/rp2_common/pico_runtime/runtime.c.obj
                0x20000000                ram_vector_table

.data           0x200000c0      0xbf4 load address 0x1000b678
                0x200000c0                __data_start__ = .
 *(vtable)
 *(.time_critical*)
 .time_critical.mutex_try_enter
                0x200000c0       0x46 CMakeFiles/Lab7.dir/C_/pico/pico-sdk/src/common/pico_sync/mutex.c.obj
                0x200000c0                mutex_try_enter
 *fill*         0x20000106        0x2 
 .time_critical.mutex_enter_block_until
                0x20000108       0x8c CMakeFiles/Lab7.dir/C_/pico/pico-sdk/src/common/pico_sync/mutex.c.obj
                0x20000108                mutex_enter_block_until
 .time_critical.mutex_try_enter_block_until
                0x20000194       0x34 CMakeFiles/Lab7.dir/C_/pico/pico-sdk/src/common/pico_sync/mutex.c.obj
                0x20000194                mutex_try_enter_block_until
 .time_critical.mutex_exit
                0x200001c8       0x4c CMakeFiles/Lab7.dir/C_/pico/pico-sdk/src/common/pico_sync/mutex.c.obj
                0x200001c8                mutex_exit
 *(.text*)
 .text          0x20000214        0x4 c:/progra~1/raspbe~1/picosd~1.1/gcc-ar~1/bin/../lib/gcc/arm-none-eabi/10.3.1/thumb/v6-m/nofp\libgcc.a(_dvmd_tls.o)
                0x20000214                __aeabi_idiv0
                0x20000214                __aeabi_ldiv0
 .text.__stub   0x20000218       0x20 linker stubs
                0x20000238                . = ALIGN (0x4)
 *(.rodata*)
                0x20000238                . = ALIGN (0x4)
 *(.data*)
 .data.striped_spin_lock_num
                0x20000238        0x1 CMakeFiles/Lab7.dir/C_/pico/pico-sdk/src/rp2_common/hardware_sync/sync.c.obj
 *fill*         0x20000239        0x3 
 .data          0x2000023c       0x48 CMakeFiles/Lab7.dir/C_/pico/pico-sdk/src/rp2_common/hardware_irq/irq_handler_chain.S.obj
                0x2000023c                irq_handler_chain_slots
                0x2000026c                irq_handler_chain_first_slot
                0x20000276                irq_handler_chain_remove_tail
 .data.default_alarm_pool
                0x20000284       0x18 CMakeFiles/Lab7.dir/C_/pico/pico-sdk/src/common/pico_time/time.c.obj
 .data.default_alarm_pool_heap
                0x2000029c       0x10 CMakeFiles/Lab7.dir/C_/pico/pico-sdk/src/common/pico_time/time.c.obj
 *fill*         0x200002ac        0x4 
 .data.aeabi_bits_funcs
                0x200002b0       0x10 CMakeFiles/Lab7.dir/C_/pico/pico-sdk/src/rp2_common/pico_bit_ops/bit_ops_aeabi.S.obj
                0x200002b0                aeabi_bits_funcs
                0x200002c0                aeabi_bits_funcs_end
 .data.aeabi_mem_funcs
                0x200002c0       0x10 CMakeFiles/Lab7.dir/C_/pico/pico-sdk/src/rp2_common/pico_mem_ops/mem_ops_aeabi.S.obj
                0x200002c0                aeabi_mem_funcs
                0x200002d0                aeabi_mem_funcs_end
 .data.stdio_uart
                0x200002d0       0x18 CMakeFiles/Lab7.dir/C_/pico/pico-sdk/src/rp2_common/pico_stdio_uart/stdio_uart.c.obj
                0x200002d0                stdio_uart
 .data._impure_ptr
                0x200002e8        0x4 c:/progra~1/raspbe~1/picosd~1.1/gcc-ar~1/bin/../lib/gcc/arm-none-eabi/10.3.1/../../../../arm-none-eabi/lib/thumb/v6-m/nofp\libg.a(lib_a-impure.o)
                0x200002e8                _impure_ptr
 *fill*         0x200002ec        0x4 
 .data.impure_data
                0x200002f0      0x428 c:/progra~1/raspbe~1/picosd~1.1/gcc-ar~1/bin/../lib/gcc/arm-none-eabi/10.3.1/../../../../arm-none-eabi/lib/thumb/v6-m/nofp\libg.a(lib_a-impure.o)
 .data.__malloc_av_
                0x20000718      0x408 c:/progra~1/raspbe~1/picosd~1.1/gcc-ar~1/bin/../lib/gcc/arm-none-eabi/10.3.1/../../../../arm-none-eabi/lib/thumb/v6-m/nofp\libg.a(lib_a-mallocr.o)
                0x20000718                __malloc_av_
 .data.__malloc_sbrk_base
                0x20000b20        0x4 c:/progra~1/raspbe~1/picosd~1.1/gcc-ar~1/bin/../lib/gcc/arm-none-eabi/10.3.1/../../../../arm-none-eabi/lib/thumb/v6-m/nofp\libg.a(lib_a-mallocr.o)
                0x20000b20                __malloc_sbrk_base
 .data.__malloc_trim_threshold
                0x20000b24        0x4 c:/progra~1/raspbe~1/picosd~1.1/gcc-ar~1/bin/../lib/gcc/arm-none-eabi/10.3.1/../../../../arm-none-eabi/lib/thumb/v6-m/nofp\libg.a(lib_a-mallocr.o)
                0x20000b24                __malloc_trim_threshold
 .data.__global_locale
                0x20000b28      0x16c c:/progra~1/raspbe~1/picosd~1.1/gcc-ar~1/bin/../lib/gcc/arm-none-eabi/10.3.1/../../../../arm-none-eabi/lib/thumb/v6-m/nofp\libg.a(lib_a-locale.o)
                0x20000b28                __global_locale
 .data.numempty
                0x20000c94        0x2 c:/progra~1/raspbe~1/picosd~1.1/gcc-ar~1/bin/../lib/gcc/arm-none-eabi/10.3.1/../../../../arm-none-eabi/lib/thumb/v6-m/nofp\libg.a(lib_a-lnumeric.o)
                0x20000c98                . = ALIGN (0x4)
 *fill*         0x20000c96        0x2 
 *(.after_data.*)
                0x20000c98                . = ALIGN (0x4)
                0x20000c98                PROVIDE (__mutex_array_start = .)
 *(SORT_BY_NAME(.mutex_array.*))
 *(.mutex_array)
 .mutex_array   0x20000c98        0x8 CMakeFiles/Lab7.dir/C_/pico/pico-sdk/src/rp2_common/pico_stdio/stdio.c.obj
                0x20000ca0                PROVIDE (__mutex_array_end = .)
                0x20000ca0                . = ALIGN (0x4)
                0x20000ca0                PROVIDE (__preinit_array_start = .)
 *(SORT_BY_NAME(.preinit_array.*))
 .preinit_array.00001
                0x20000ca0        0x4 CMakeFiles/Lab7.dir/C_/pico/pico-sdk/src/rp2_common/pico_mem_ops/mem_ops_aeabi.S.obj
 .preinit_array.00010
                0x20000ca4        0x4 CMakeFiles/Lab7.dir/C_/pico/pico-sdk/src/rp2_common/pico_bit_ops/bit_ops_aeabi.S.obj
 .preinit_array.00020
                0x20000ca8        0x4 CMakeFiles/Lab7.dir/C_/pico/pico-sdk/src/rp2_common/pico_double/double_aeabi.S.obj
 .preinit_array.00020
                0x20000cac        0x4 CMakeFiles/Lab7.dir/C_/pico/pico-sdk/src/rp2_common/pico_float/float_aeabi.S.obj
 *(.preinit_array)
                0x20000cb0                PROVIDE (__preinit_array_end = .)
                0x20000cb0                . = ALIGN (0x4)
                0x20000cb0                PROVIDE (__init_array_start = .)
 *(SORT_BY_NAME(.init_array.*))
 *(.init_array)
 .init_array    0x20000cb0        0x4 c:/progra~1/raspbe~1/picosd~1.1/gcc-ar~1/bin/../lib/gcc/arm-none-eabi/10.3.1/thumb/v6-m/nofp/crtbegin.o
                0x20000cb4                PROVIDE (__init_array_end = .)
                0x20000cb4                . = ALIGN (0x4)
                [!provide]                PROVIDE (__fini_array_start = .)
 *(SORT_BY_NAME(.fini_array.*))
 *(.fini_array)
                [!provide]                PROVIDE (__fini_array_end = .)
 *(.jcr)
                0x20000cb4                . = ALIGN (0x4)
                0x20000cb4                __data_end__ = .
                0x1000b678                __etext = LOADADDR (.data)

.igot.plt       0x20000cb4        0x0 load address 0x1000c26c
 .igot.plt      0x20000cb4        0x0 c:/progra~1/raspbe~1/picosd~1.1/gcc-ar~1/bin/../lib/gcc/arm-none-eabi/10.3.1/thumb/v6-m/nofp/crtbegin.o

.uninitialized_data
                0x20000cb4        0x0 load address 0x1000c26c
                0x20000cb4                . = ALIGN (0x4)
 *(.uninitialized_data*)

.scratch_x      0x20040000        0x0 load address 0x1000c26c
                0x20040000                __scratch_x_start__ = .
 *(.scratch_x.*)
                0x20040000                . = ALIGN (0x4)
                0x20040000                __scratch_x_end__ = .
                0x1000c26c                __scratch_x_source__ = LOADADDR (.scratch_x)

.scratch_y      0x20041000        0x0 load address 0x1000c26c
                0x20041000                __scratch_y_start__ = .
 *(.scratch_y.*)
                0x20041000                . = ALIGN (0x4)
                0x20041000                __scratch_y_end__ = .
                0x1000c26c                __scratch_y_source__ = LOADADDR (.scratch_y)

.bss            0x20000cb8      0x480
                0x20000cb8                . = ALIGN (0x4)
                0x20000cb8                __bss_start__ = .
 *(SORT_BY_ALIGNMENT(SORT_BY_NAME(.bss*)))
 .bss.default_alarm_pool_entries
                0x20000cb8      0x100 CMakeFiles/Lab7.dir/C_/pico/pico-sdk/src/common/pico_time/time.c.obj
 .bss           0x20000db8       0x1c c:/progra~1/raspbe~1/picosd~1.1/gcc-ar~1/bin/../lib/gcc/arm-none-eabi/10.3.1/thumb/v6-m/nofp/crtbegin.o
 .bss.__lock___malloc_recursive_mutex
                0x20000dd4        0x1 c:/progra~1/raspbe~1/picosd~1.1/gcc-ar~1/bin/../lib/gcc/arm-none-eabi/10.3.1/../../../../arm-none-eabi/lib/thumb/v6-m/nofp\libg.a(lib_a-lock.o)
                0x20000dd4                __lock___malloc_recursive_mutex
 *fill*         0x20000dd5        0x3 
 .bss.__malloc_current_mallinfo
                0x20000dd8       0x28 c:/progra~1/raspbe~1/picosd~1.1/gcc-ar~1/bin/../lib/gcc/arm-none-eabi/10.3.1/../../../../arm-none-eabi/lib/thumb/v6-m/nofp\libg.a(lib_a-mallocr.o)
                0x20000dd8                __malloc_current_mallinfo
 .bss.__malloc_max_sbrked_mem
                0x20000e00        0x4 c:/progra~1/raspbe~1/picosd~1.1/gcc-ar~1/bin/../lib/gcc/arm-none-eabi/10.3.1/../../../../arm-none-eabi/lib/thumb/v6-m/nofp\libg.a(lib_a-mallocr.o)
                0x20000e00                __malloc_max_sbrked_mem
 .bss.__malloc_max_total_mem
                0x20000e04        0x4 c:/progra~1/raspbe~1/picosd~1.1/gcc-ar~1/bin/../lib/gcc/arm-none-eabi/10.3.1/../../../../arm-none-eabi/lib/thumb/v6-m/nofp\libg.a(lib_a-mallocr.o)
                0x20000e04                __malloc_max_total_mem
 .bss.__malloc_top_pad
                0x20000e08        0x4 c:/progra~1/raspbe~1/picosd~1.1/gcc-ar~1/bin/../lib/gcc/arm-none-eabi/10.3.1/../../../../arm-none-eabi/lib/thumb/v6-m/nofp\libg.a(lib_a-mallocr.o)
                0x20000e08                __malloc_top_pad
 .bss.alarm_callbacks
                0x20000e0c       0x10 CMakeFiles/Lab7.dir/C_/pico/pico-sdk/src/rp2_common/hardware_timer/timer.c.obj
 .bss.buffer    0x20000e1c       0x64 CMakeFiles/Lab7.dir/main.c.obj
                0x20000e1c                buffer
 .bss.chars_available_callback
                0x20000e80        0x4 CMakeFiles/Lab7.dir/C_/pico/pico-sdk/src/rp2_common/pico_stdio_uart/stdio_uart.c.obj
 .bss.chars_available_param
                0x20000e84        0x4 CMakeFiles/Lab7.dir/C_/pico/pico-sdk/src/rp2_common/pico_stdio_uart/stdio_uart.c.obj
 .bss.configured_freq
                0x20000e88       0x28 CMakeFiles/Lab7.dir/C_/pico/pico-sdk/src/rp2_common/hardware_clocks/clocks.c.obj
 .bss.default_alarm_pool_entry_ids_high
                0x20000eb0       0x10 CMakeFiles/Lab7.dir/C_/pico/pico-sdk/src/common/pico_time/time.c.obj
 .bss.default_alarm_pool_heap_nodes
                0x20000ec0       0x30 CMakeFiles/Lab7.dir/C_/pico/pico-sdk/src/common/pico_time/time.c.obj
 .bss.drivers   0x20000ef0        0x4 CMakeFiles/Lab7.dir/C_/pico/pico-sdk/src/rp2_common/pico_stdio/stdio.c.obj
 .bss.errno     0x20000ef4        0x4 c:/progra~1/raspbe~1/picosd~1.1/gcc-ar~1/bin/../lib/gcc/arm-none-eabi/10.3.1/../../../../arm-none-eabi/lib/thumb/v6-m/nofp\libg.a(lib_a-reent.o)
                0x20000ef4                errno
 .bss.filter    0x20000ef8        0x4 CMakeFiles/Lab7.dir/C_/pico/pico-sdk/src/rp2_common/pico_stdio/stdio.c.obj
 .bss.heap_end.1
                0x20000efc        0x4 CMakeFiles/Lab7.dir/C_/pico/pico-sdk/src/rp2_common/pico_runtime/runtime.c.obj
 .bss.index     0x20000f00        0x4 CMakeFiles/Lab7.dir/main.c.obj
                0x20000f00                index
 .bss.pools     0x20000f04       0x10 CMakeFiles/Lab7.dir/C_/pico/pico-sdk/src/common/pico_time/time.c.obj
 .bss.sd_table  0x20000f14      0x100 CMakeFiles/Lab7.dir/C_/pico/pico-sdk/src/rp2_common/pico_double/double_init_rom.c.obj
                0x20000f14                sd_table
 .bss.sf_clz_func
                0x20001014        0x4 CMakeFiles/Lab7.dir/C_/pico/pico-sdk/src/rp2_common/pico_double/double_init_rom.c.obj
                0x20001014                sf_clz_func
 .bss.sf_table  0x20001018      0x100 CMakeFiles/Lab7.dir/C_/pico/pico-sdk/src/rp2_common/pico_float/float_init_rom.c.obj
                0x20001018                sf_table
 .bss.sleep_notifier
                0x20001118        0x4 CMakeFiles/Lab7.dir/C_/pico/pico-sdk/src/common/pico_time/time.c.obj
 .bss.target_hi
                0x2000111c       0x10 CMakeFiles/Lab7.dir/C_/pico/pico-sdk/src/rp2_common/hardware_timer/timer.c.obj
 .bss.uart_char_to_line_feed
                0x2000112c        0x4 CMakeFiles/Lab7.dir/C_/pico/pico-sdk/src/rp2_common/hardware_uart/uart.c.obj
                0x2000112c                uart_char_to_line_feed
 .bss.uart_instance
                0x20001130        0x4 CMakeFiles/Lab7.dir/C_/pico/pico-sdk/src/rp2_common/pico_stdio_uart/stdio_uart.c.obj
 .bss.claimed   0x20001134        0x1 CMakeFiles/Lab7.dir/C_/pico/pico-sdk/src/rp2_common/hardware_timer/timer.c.obj
 .bss.input_ready
                0x20001135        0x1 CMakeFiles/Lab7.dir/main.c.obj
                0x20001135                input_ready
 .bss.irq_hander_chain_free_slot_head
                0x20001136        0x1 CMakeFiles/Lab7.dir/C_/pico/pico-sdk/src/rp2_common/hardware_irq/irq.c.obj
 .bss.timer_callbacks_pending
                0x20001137        0x1 CMakeFiles/Lab7.dir/C_/pico/pico-sdk/src/rp2_common/hardware_timer/timer.c.obj
 *(COMMON)
                0x20001138                . = ALIGN (0x4)
                0x20001138                __bss_end__ = .

.heap           0x20001138      0x800
                0x20001138                __end__ = .
                0x20001138                end = __end__
 *(.heap*)
 .heap          0x20001138      0x800 CMakeFiles/Lab7.dir/C_/pico/pico-sdk/src/rp2_common/pico_standard_link/crt0.S.obj
                0x20001938                __HeapLimit = .

.stack1_dummy   0x20040000        0x0
 *(.stack1*)

.stack_dummy    0x20041000      0x800
 *(.stack*)
 .stack         0x20041000      0x800 CMakeFiles/Lab7.dir/C_/pico/pico-sdk/src/rp2_common/pico_standard_link/crt0.S.obj

.flash_end      0x1000c26c        0x0
                0x1000c26c                PROVIDE (__flash_binary_end = .)
                0x20040000                __StackLimit = (ORIGIN (RAM) + LENGTH (RAM))
                0x20041000                __StackOneTop = (ORIGIN (SCRATCH_X) + LENGTH (SCRATCH_X))
                0x20042000                __StackTop = (ORIGIN (SCRATCH_Y) + LENGTH (SCRATCH_Y))
                0x20041000                __StackOneBottom = (__StackOneTop - SIZEOF (.stack1_dummy))
                0x20041800                __StackBottom = (__StackTop - SIZEOF (.stack_dummy))
                0x20042000                PROVIDE (__stack = __StackTop)
                0x00000001                ASSERT ((__StackLimit >= __HeapLimit), region RAM overflowed)
                0x00000001                ASSERT (((__binary_info_header_end - __logical_binary_start) <= 0x100), Binary info must be in first 256 bytes of the binary)
LOAD CMakeFiles/Lab7.dir/main.c.obj
LOAD CMakeFiles/Lab7.dir/C_/pico/pico-sdk/src/rp2_common/pico_stdlib/stdlib.c.obj
LOAD CMakeFiles/Lab7.dir/C_/pico/pico-sdk/src/rp2_common/hardware_gpio/gpio.c.obj
LOAD CMakeFiles/Lab7.dir/C_/pico/pico-sdk/src/rp2_common/pico_platform/platform.c.obj
LOAD CMakeFiles/Lab7.dir/C_/pico/pico-sdk/src/rp2_common/hardware_claim/claim.c.obj
LOAD CMakeFiles/Lab7.dir/C_/pico/pico-sdk/src/rp2_common/hardware_sync/sync.c.obj
LOAD CMakeFiles/Lab7.dir/C_/pico/pico-sdk/src/rp2_common/hardware_irq/irq.c.obj
LOAD CMakeFiles/Lab7.dir/C_/pico/pico-sdk/src/rp2_common/hardware_irq/irq_handler_chain.S.obj
LOAD CMakeFiles/Lab7.dir/C_/pico/pico-sdk/src/common/pico_sync/sem.c.obj
LOAD CMakeFiles/Lab7.dir/C_/pico/pico-sdk/src/common/pico_sync/lock_core.c.obj
LOAD CMakeFiles/Lab7.dir/C_/pico/pico-sdk/src/common/pico_sync/mutex.c.obj
LOAD CMakeFiles/Lab7.dir/C_/pico/pico-sdk/src/common/pico_sync/critical_section.c.obj
LOAD CMakeFiles/Lab7.dir/C_/pico/pico-sdk/src/common/pico_time/time.c.obj
LOAD CMakeFiles/Lab7.dir/C_/pico/pico-sdk/src/common/pico_time/timeout_helper.c.obj
LOAD CMakeFiles/Lab7.dir/C_/pico/pico-sdk/src/rp2_common/hardware_timer/timer.c.obj
LOAD CMakeFiles/Lab7.dir/C_/pico/pico-sdk/src/common/pico_util/datetime.c.obj
LOAD CMakeFiles/Lab7.dir/C_/pico/pico-sdk/src/common/pico_util/pheap.c.obj
LOAD CMakeFiles/Lab7.dir/C_/pico/pico-sdk/src/common/pico_util/queue.c.obj
LOAD CMakeFiles/Lab7.dir/C_/pico/pico-sdk/src/rp2_common/hardware_uart/uart.c.obj
LOAD CMakeFiles/Lab7.dir/C_/pico/pico-sdk/src/rp2_common/hardware_clocks/clocks.c.obj
LOAD CMakeFiles/Lab7.dir/C_/pico/pico-sdk/src/rp2_common/hardware_pll/pll.c.obj
LOAD CMakeFiles/Lab7.dir/C_/pico/pico-sdk/src/rp2_common/hardware_vreg/vreg.c.obj
LOAD CMakeFiles/Lab7.dir/C_/pico/pico-sdk/src/rp2_common/hardware_watchdog/watchdog.c.obj
LOAD CMakeFiles/Lab7.dir/C_/pico/pico-sdk/src/rp2_common/hardware_xosc/xosc.c.obj
LOAD CMakeFiles/Lab7.dir/C_/pico/pico-sdk/src/rp2_common/hardware_divider/divider.S.obj
LOAD CMakeFiles/Lab7.dir/C_/pico/pico-sdk/src/rp2_common/pico_runtime/runtime.c.obj
LOAD CMakeFiles/Lab7.dir/C_/pico/pico-sdk/src/rp2_common/pico_printf/printf.c.obj
LOAD CMakeFiles/Lab7.dir/C_/pico/pico-sdk/src/rp2_common/pico_bit_ops/bit_ops_aeabi.S.obj
LOAD CMakeFiles/Lab7.dir/C_/pico/pico-sdk/src/rp2_common/pico_bootrom/bootrom.c.obj
LOAD CMakeFiles/Lab7.dir/C_/pico/pico-sdk/src/rp2_common/pico_divider/divider.S.obj
LOAD CMakeFiles/Lab7.dir/C_/pico/pico-sdk/src/rp2_common/pico_double/double_aeabi.S.obj
LOAD CMakeFiles/Lab7.dir/C_/pico/pico-sdk/src/rp2_common/pico_double/double_init_rom.c.obj
LOAD CMakeFiles/Lab7.dir/C_/pico/pico-sdk/src/rp2_common/pico_double/double_math.c.obj
LOAD CMakeFiles/Lab7.dir/C_/pico/pico-sdk/src/rp2_common/pico_double/double_v1_rom_shim.S.obj
LOAD CMakeFiles/Lab7.dir/C_/pico/pico-sdk/src/rp2_common/pico_int64_ops/pico_int64_ops_aeabi.S.obj
LOAD CMakeFiles/Lab7.dir/C_/pico/pico-sdk/src/rp2_common/pico_float/float_aeabi.S.obj
LOAD CMakeFiles/Lab7.dir/C_/pico/pico-sdk/src/rp2_common/pico_float/float_init_rom.c.obj
LOAD CMakeFiles/Lab7.dir/C_/pico/pico-sdk/src/rp2_common/pico_float/float_math.c.obj
LOAD CMakeFiles/Lab7.dir/C_/pico/pico-sdk/src/rp2_common/pico_float/float_v1_rom_shim.S.obj
LOAD CMakeFiles/Lab7.dir/C_/pico/pico-sdk/src/rp2_common/pico_malloc/pico_malloc.c.obj
LOAD CMakeFiles/Lab7.dir/C_/pico/pico-sdk/src/rp2_common/pico_mem_ops/mem_ops_aeabi.S.obj
LOAD CMakeFiles/Lab7.dir/C_/pico/pico-sdk/src/rp2_common/pico_standard_link/crt0.S.obj
LOAD CMakeFiles/Lab7.dir/C_/pico/pico-sdk/src/rp2_common/pico_standard_link/new_delete.cpp.obj
LOAD CMakeFiles/Lab7.dir/C_/pico/pico-sdk/src/rp2_common/pico_standard_link/binary_info.c.obj
LOAD CMakeFiles/Lab7.dir/C_/pico/pico-sdk/src/rp2_common/pico_stdio/stdio.c.obj
LOAD CMakeFiles/Lab7.dir/C_/pico/pico-sdk/src/rp2_common/pico_stdio_uart/stdio_uart.c.obj
LOAD C:\Users\cheva\AppData\Local\Temp\ccTFgU7j.o
LOAD c:/progra~1/raspbe~1/picosd~1.1/gcc-ar~1/bin/../lib/gcc/arm-none-eabi/10.3.1/../../../../arm-none-eabi/lib/thumb/v6-m/nofp\libstdc++.a
LOAD c:/progra~1/raspbe~1/picosd~1.1/gcc-ar~1/bin/../lib/gcc/arm-none-eabi/10.3.1/../../../../arm-none-eabi/lib/thumb/v6-m/nofp\libm.a
START GROUP
LOAD c:/progra~1/raspbe~1/picosd~1.1/gcc-ar~1/bin/../lib/gcc/arm-none-eabi/10.3.1/thumb/v6-m/nofp\libgcc.a
LOAD c:/progra~1/raspbe~1/picosd~1.1/gcc-ar~1/bin/../lib/gcc/arm-none-eabi/10.3.1/../../../../arm-none-eabi/lib/thumb/v6-m/nofp\libg.a
LOAD c:/progra~1/raspbe~1/picosd~1.1/gcc-ar~1/bin/../lib/gcc/arm-none-eabi/10.3.1/../../../../arm-none-eabi/lib/thumb/v6-m/nofp\libc.a
END GROUP
START GROUP
LOAD c:/progra~1/raspbe~1/picosd~1.1/gcc-ar~1/bin/../lib/gcc/arm-none-eabi/10.3.1/thumb/v6-m/nofp\libgcc.a
LOAD c:/progra~1/raspbe~1/picosd~1.1/gcc-ar~1/bin/../lib/gcc/arm-none-eabi/10.3.1/../../../../arm-none-eabi/lib/thumb/v6-m/nofp\libc.a
LOAD c:/progra~1/raspbe~1/picosd~1.1/gcc-ar~1/bin/../lib/gcc/arm-none-eabi/10.3.1/../../../../arm-none-eabi/lib/thumb/v6-m/nofp\libnosys.a
END GROUP
LOAD c:/progra~1/raspbe~1/picosd~1.1/gcc-ar~1/bin/../lib/gcc/arm-none-eabi/10.3.1/thumb/v6-m/nofp/crtend.o
LOAD c:/progra~1/raspbe~1/picosd~1.1/gcc-ar~1/bin/../lib/gcc/arm-none-eabi/10.3.1/thumb/v6-m/nofp/crtn.o
OUTPUT(Lab7.elf elf32-littlearm)
LOAD linker stubs

.ARM.attributes
                0x00000000       0x28
 .ARM.attributes
                0x00000000       0x1e c:/progra~1/raspbe~1/picosd~1.1/gcc-ar~1/bin/../lib/gcc/arm-none-eabi/10.3.1/thumb/v6-m/nofp/crti.o
 .ARM.attributes
                0x0000001e       0x2c c:/progra~1/raspbe~1/picosd~1.1/gcc-ar~1/bin/../lib/gcc/arm-none-eabi/10.3.1/thumb/v6-m/nofp/crtbegin.o
 .ARM.attributes
                0x0000004a       0x2c CMakeFiles/Lab7.dir/main.c.obj
 .ARM.attributes
                0x00000076       0x2c CMakeFiles/Lab7.dir/C_/pico/pico-sdk/src/rp2_common/hardware_gpio/gpio.c.obj
 .ARM.attributes
                0x000000a2       0x2c CMakeFiles/Lab7.dir/C_/pico/pico-sdk/src/rp2_common/pico_platform/platform.c.obj
 .ARM.attributes
                0x000000ce       0x2c CMakeFiles/Lab7.dir/C_/pico/pico-sdk/src/rp2_common/hardware_claim/claim.c.obj
 .ARM.attributes
                0x000000fa       0x2c CMakeFiles/Lab7.dir/C_/pico/pico-sdk/src/rp2_common/hardware_sync/sync.c.obj
 .ARM.attributes
                0x00000126       0x2c CMakeFiles/Lab7.dir/C_/pico/pico-sdk/src/rp2_common/hardware_irq/irq.c.obj
 .ARM.attributes
                0x00000152       0x22 CMakeFiles/Lab7.dir/C_/pico/pico-sdk/src/rp2_common/hardware_irq/irq_handler_chain.S.obj
 .ARM.attributes
                0x00000174       0x2c CMakeFiles/Lab7.dir/C_/pico/pico-sdk/src/common/pico_sync/lock_core.c.obj
 .ARM.attributes
                0x000001a0       0x2c CMakeFiles/Lab7.dir/C_/pico/pico-sdk/src/common/pico_sync/mutex.c.obj